Archive member included to satisfy reference by file (symbol)

c:/users/koshok/desktop/arm tools/imt_sdk_win_64/imt_sdk_win_64/winarm/armgcc/bin/../lib/gcc/arm-none-eabi/7.2.1/thumb/v7e-m\libgcc.a(_arm_addsubsf3.o)
                              ./src/HAL/IR/IR_prg.o (__aeabi_ui2f)
c:/users/koshok/desktop/arm tools/imt_sdk_win_64/imt_sdk_win_64/winarm/armgcc/bin/../lib/gcc/arm-none-eabi/7.2.1/thumb/v7e-m\libgcc.a(_arm_muldivsf3.o)
                              ./src/HAL/IR/IR_prg.o (__aeabi_fdiv)
c:/users/koshok/desktop/arm tools/imt_sdk_win_64/imt_sdk_win_64/winarm/armgcc/bin/../lib/gcc/arm-none-eabi/7.2.1/thumb/v7e-m\libgcc.a(_arm_fixunssfsi.o)
                              ./src/HAL/IR/IR_prg.o (__aeabi_f2uiz)
c:/users/koshok/desktop/arm tools/imt_sdk_win_64/imt_sdk_win_64/winarm/armgcc/bin/../lib/gcc/arm-none-eabi/7.2.1/../../../../arm-none-eabi/lib/thumb/v7e-m\libg_nano.a(lib_a-errno.o)
                              ./system/src/newlib/_sbrk.o (__errno)
c:/users/koshok/desktop/arm tools/imt_sdk_win_64/imt_sdk_win_64/winarm/armgcc/bin/../lib/gcc/arm-none-eabi/7.2.1/../../../../arm-none-eabi/lib/thumb/v7e-m\libg_nano.a(lib_a-impure.o)
                              c:/users/koshok/desktop/arm tools/imt_sdk_win_64/imt_sdk_win_64/winarm/armgcc/bin/../lib/gcc/arm-none-eabi/7.2.1/../../../../arm-none-eabi/lib/thumb/v7e-m\libg_nano.a(lib_a-errno.o) (_impure_ptr)

Allocating common symbols
Common symbol       size              file

TimingTask          0x28              ./src/RTOS/scheduler/Scheduler_prg.o
errno               0x4               ./system/src/newlib/_syscalls.o
uwTick              0x4               ./system/src/stm32f4-hal/stm32f4xx_hal.o
pFlash              0x20              ./system/src/stm32f4-hal/stm32f4xx_hal_flash.o

Discarded input sections

 .text          0x00000000        0x0 ./system/src/stm32f4-hal/stm32f4xx_hal.o
 .data          0x00000000        0x0 ./system/src/stm32f4-hal/stm32f4xx_hal.o
 .bss           0x00000000        0x0 ./system/src/stm32f4-hal/stm32f4xx_hal.o
 .text.HAL_MspInit
                0x00000000        0x2 ./system/src/stm32f4-hal/stm32f4xx_hal.o
 .text.HAL_MspDeInit
                0x00000000        0x2 ./system/src/stm32f4-hal/stm32f4xx_hal.o
 .text.HAL_DeInit
                0x00000000       0x2c ./system/src/stm32f4-hal/stm32f4xx_hal.o
 .text.HAL_IncTick
                0x00000000       0x10 ./system/src/stm32f4-hal/stm32f4xx_hal.o
 .text.HAL_Delay
                0x00000000       0x1a ./system/src/stm32f4-hal/stm32f4xx_hal.o
 .text.HAL_SuspendTick
                0x00000000       0x10 ./system/src/stm32f4-hal/stm32f4xx_hal.o
 .text.HAL_ResumeTick
                0x00000000       0x10 ./system/src/stm32f4-hal/stm32f4xx_hal.o
 .text.HAL_GetHalVersion
                0x00000000        0x8 ./system/src/stm32f4-hal/stm32f4xx_hal.o
 .text.HAL_GetREVID
                0x00000000        0xc ./system/src/stm32f4-hal/stm32f4xx_hal.o
 .text.HAL_GetDEVID
                0x00000000       0x10 ./system/src/stm32f4-hal/stm32f4xx_hal.o
 .text.HAL_DBGMCU_EnableDBGSleepMode
                0x00000000       0x10 ./system/src/stm32f4-hal/stm32f4xx_hal.o
 .text.HAL_DBGMCU_DisableDBGSleepMode
                0x00000000       0x10 ./system/src/stm32f4-hal/stm32f4xx_hal.o
 .text.HAL_DBGMCU_EnableDBGStopMode
                0x00000000       0x10 ./system/src/stm32f4-hal/stm32f4xx_hal.o
 .text.HAL_DBGMCU_DisableDBGStopMode
                0x00000000       0x10 ./system/src/stm32f4-hal/stm32f4xx_hal.o
 .text.HAL_DBGMCU_EnableDBGStandbyMode
                0x00000000       0x10 ./system/src/stm32f4-hal/stm32f4xx_hal.o
 .text.HAL_DBGMCU_DisableDBGStandbyMode
                0x00000000       0x10 ./system/src/stm32f4-hal/stm32f4xx_hal.o
 .text.HAL_EnableCompensationCell
                0x00000000       0x18 ./system/src/stm32f4-hal/stm32f4xx_hal.o
 .text.HAL_DisableCompensationCell
                0x00000000       0x1c ./system/src/stm32f4-hal/stm32f4xx_hal.o
 .text          0x00000000        0x0 ./system/src/stm32f4-hal/stm32f4xx_hal_cortex.o
 .data          0x00000000        0x0 ./system/src/stm32f4-hal/stm32f4xx_hal_cortex.o
 .bss           0x00000000        0x0 ./system/src/stm32f4-hal/stm32f4xx_hal_cortex.o
 .text.HAL_NVIC_EnableIRQ
                0x00000000       0x18 ./system/src/stm32f4-hal/stm32f4xx_hal_cortex.o
 .text.HAL_NVIC_DisableIRQ
                0x00000000       0x1c ./system/src/stm32f4-hal/stm32f4xx_hal_cortex.o
 .text.HAL_NVIC_SystemReset
                0x00000000       0x24 ./system/src/stm32f4-hal/stm32f4xx_hal_cortex.o
 .text.HAL_MPU_ConfigRegion
                0x00000000       0x50 ./system/src/stm32f4-hal/stm32f4xx_hal_cortex.o
 .text.HAL_NVIC_GetPriorityGrouping
                0x00000000       0x10 ./system/src/stm32f4-hal/stm32f4xx_hal_cortex.o
 .text.HAL_NVIC_GetPriority
                0x00000000       0x5c ./system/src/stm32f4-hal/stm32f4xx_hal_cortex.o
 .text.HAL_NVIC_SetPendingIRQ
                0x00000000       0x1c ./system/src/stm32f4-hal/stm32f4xx_hal_cortex.o
 .text.HAL_NVIC_GetPendingIRQ
                0x00000000       0x1c ./system/src/stm32f4-hal/stm32f4xx_hal_cortex.o
 .text.HAL_NVIC_ClearPendingIRQ
                0x00000000       0x1c ./system/src/stm32f4-hal/stm32f4xx_hal_cortex.o
 .text.HAL_NVIC_GetActive
                0x00000000       0x1c ./system/src/stm32f4-hal/stm32f4xx_hal_cortex.o
 .text.HAL_SYSTICK_Callback
                0x00000000        0x2 ./system/src/stm32f4-hal/stm32f4xx_hal_cortex.o
 .text.HAL_SYSTICK_IRQHandler
                0x00000000        0x8 ./system/src/stm32f4-hal/stm32f4xx_hal_cortex.o
 .text          0x00000000        0x0 ./system/src/stm32f4-hal/stm32f4xx_hal_dfsdm.o
 .data          0x00000000        0x0 ./system/src/stm32f4-hal/stm32f4xx_hal_dfsdm.o
 .bss           0x00000000        0x0 ./system/src/stm32f4-hal/stm32f4xx_hal_dfsdm.o
 .debug_info    0x00000000      0x8bf ./system/src/stm32f4-hal/stm32f4xx_hal_dfsdm.o
 .debug_abbrev  0x00000000      0x192 ./system/src/stm32f4-hal/stm32f4xx_hal_dfsdm.o
 .debug_aranges
                0x00000000       0x18 ./system/src/stm32f4-hal/stm32f4xx_hal_dfsdm.o
 .debug_line    0x00000000      0x170 ./system/src/stm32f4-hal/stm32f4xx_hal_dfsdm.o
 .debug_str     0x00000000      0x5e4 ./system/src/stm32f4-hal/stm32f4xx_hal_dfsdm.o
 .comment       0x00000000       0x7f ./system/src/stm32f4-hal/stm32f4xx_hal_dfsdm.o
 .ARM.attributes
                0x00000000       0x33 ./system/src/stm32f4-hal/stm32f4xx_hal_dfsdm.o
 .text          0x00000000        0x0 ./system/src/stm32f4-hal/stm32f4xx_hal_flash.o
 .data          0x00000000        0x0 ./system/src/stm32f4-hal/stm32f4xx_hal_flash.o
 .bss           0x00000000        0x0 ./system/src/stm32f4-hal/stm32f4xx_hal_flash.o
 .text.FLASH_Program_Word
                0x00000000       0x24 ./system/src/stm32f4-hal/stm32f4xx_hal_flash.o
 .text.FLASH_Program_HalfWord
                0x00000000       0x24 ./system/src/stm32f4-hal/stm32f4xx_hal_flash.o
 .text.FLASH_SetErrorCode
                0x00000000       0x8c ./system/src/stm32f4-hal/stm32f4xx_hal_flash.o
 .text.HAL_FLASH_Program_IT
                0x00000000       0x90 ./system/src/stm32f4-hal/stm32f4xx_hal_flash.o
 .text.HAL_FLASH_EndOfOperationCallback
                0x00000000        0x2 ./system/src/stm32f4-hal/stm32f4xx_hal_flash.o
 .text.HAL_FLASH_OperationErrorCallback
                0x00000000        0x2 ./system/src/stm32f4-hal/stm32f4xx_hal_flash.o
 .text.HAL_FLASH_IRQHandler
                0x00000000       0xc8 ./system/src/stm32f4-hal/stm32f4xx_hal_flash.o
 .text.HAL_FLASH_Unlock
                0x00000000       0x24 ./system/src/stm32f4-hal/stm32f4xx_hal_flash.o
 .text.HAL_FLASH_Lock
                0x00000000       0x14 ./system/src/stm32f4-hal/stm32f4xx_hal_flash.o
 .text.HAL_FLASH_OB_Unlock
                0x00000000       0x24 ./system/src/stm32f4-hal/stm32f4xx_hal_flash.o
 .text.HAL_FLASH_OB_Lock
                0x00000000       0x14 ./system/src/stm32f4-hal/stm32f4xx_hal_flash.o
 .text.HAL_FLASH_GetError
                0x00000000        0xc ./system/src/stm32f4-hal/stm32f4xx_hal_flash.o
 .text.FLASH_WaitForLastOperation
                0x00000000       0x5c ./system/src/stm32f4-hal/stm32f4xx_hal_flash.o
 .text.HAL_FLASH_Program
                0x00000000       0xa8 ./system/src/stm32f4-hal/stm32f4xx_hal_flash.o
 .text.HAL_FLASH_OB_Launch
                0x00000000       0x18 ./system/src/stm32f4-hal/stm32f4xx_hal_flash.o
 .debug_info    0x00000000      0xef6 ./system/src/stm32f4-hal/stm32f4xx_hal_flash.o
 .debug_abbrev  0x00000000      0x3c5 ./system/src/stm32f4-hal/stm32f4xx_hal_flash.o
 .debug_loc     0x00000000      0x2ac ./system/src/stm32f4-hal/stm32f4xx_hal_flash.o
 .debug_aranges
                0x00000000       0x88 ./system/src/stm32f4-hal/stm32f4xx_hal_flash.o
 .debug_ranges  0x00000000       0xa8 ./system/src/stm32f4-hal/stm32f4xx_hal_flash.o
 .debug_line    0x00000000      0x43e ./system/src/stm32f4-hal/stm32f4xx_hal_flash.o
 .debug_str     0x00000000      0x942 ./system/src/stm32f4-hal/stm32f4xx_hal_flash.o
 .comment       0x00000000       0x7f ./system/src/stm32f4-hal/stm32f4xx_hal_flash.o
 .debug_frame   0x00000000      0x13c ./system/src/stm32f4-hal/stm32f4xx_hal_flash.o
 .ARM.attributes
                0x00000000       0x33 ./system/src/stm32f4-hal/stm32f4xx_hal_flash.o
 COMMON         0x00000000       0x20 ./system/src/stm32f4-hal/stm32f4xx_hal_flash.o
 .text          0x00000000        0x0 ./system/src/stm32f4-hal/stm32f4xx_hal_gpio.o
 .data          0x00000000        0x0 ./system/src/stm32f4-hal/stm32f4xx_hal_gpio.o
 .bss           0x00000000        0x0 ./system/src/stm32f4-hal/stm32f4xx_hal_gpio.o
 .text.HAL_GPIO_Init
                0x00000000      0x1ac ./system/src/stm32f4-hal/stm32f4xx_hal_gpio.o
 .text.HAL_GPIO_DeInit
                0x00000000       0xec ./system/src/stm32f4-hal/stm32f4xx_hal_gpio.o
 .text.HAL_GPIO_ReadPin
                0x00000000        0xc ./system/src/stm32f4-hal/stm32f4xx_hal_gpio.o
 .text.HAL_GPIO_WritePin
                0x00000000        0xa ./system/src/stm32f4-hal/stm32f4xx_hal_gpio.o
 .text.HAL_GPIO_TogglePin
                0x00000000        0x8 ./system/src/stm32f4-hal/stm32f4xx_hal_gpio.o
 .text.HAL_GPIO_LockPin
                0x00000000       0x2a ./system/src/stm32f4-hal/stm32f4xx_hal_gpio.o
 .text.HAL_GPIO_EXTI_Callback
                0x00000000        0x2 ./system/src/stm32f4-hal/stm32f4xx_hal_gpio.o
 .text.HAL_GPIO_EXTI_IRQHandler
                0x00000000       0x18 ./system/src/stm32f4-hal/stm32f4xx_hal_gpio.o
 .debug_info    0x00000000      0xf4d ./system/src/stm32f4-hal/stm32f4xx_hal_gpio.o
 .debug_abbrev  0x00000000      0x2a2 ./system/src/stm32f4-hal/stm32f4xx_hal_gpio.o
 .debug_loc     0x00000000      0x381 ./system/src/stm32f4-hal/stm32f4xx_hal_gpio.o
 .debug_aranges
                0x00000000       0x58 ./system/src/stm32f4-hal/stm32f4xx_hal_gpio.o
 .debug_ranges  0x00000000       0x68 ./system/src/stm32f4-hal/stm32f4xx_hal_gpio.o
 .debug_line    0x00000000      0x3bf ./system/src/stm32f4-hal/stm32f4xx_hal_gpio.o
 .debug_str     0x00000000      0x8fb ./system/src/stm32f4-hal/stm32f4xx_hal_gpio.o
 .comment       0x00000000       0x7f ./system/src/stm32f4-hal/stm32f4xx_hal_gpio.o
 .debug_frame   0x00000000       0xd8 ./system/src/stm32f4-hal/stm32f4xx_hal_gpio.o
 .ARM.attributes
                0x00000000       0x33 ./system/src/stm32f4-hal/stm32f4xx_hal_gpio.o
 .text          0x00000000        0x0 ./system/src/stm32f4-hal/stm32f4xx_hal_iwdg.o
 .data          0x00000000        0x0 ./system/src/stm32f4-hal/stm32f4xx_hal_iwdg.o
 .bss           0x00000000        0x0 ./system/src/stm32f4-hal/stm32f4xx_hal_iwdg.o
 .text.HAL_IWDG_Init
                0x00000000       0x42 ./system/src/stm32f4-hal/stm32f4xx_hal_iwdg.o
 .text.HAL_IWDG_Refresh
                0x00000000        0xc ./system/src/stm32f4-hal/stm32f4xx_hal_iwdg.o
 .debug_info    0x00000000      0xa40 ./system/src/stm32f4-hal/stm32f4xx_hal_iwdg.o
 .debug_abbrev  0x00000000      0x21e ./system/src/stm32f4-hal/stm32f4xx_hal_iwdg.o
 .debug_loc     0x00000000       0x73 ./system/src/stm32f4-hal/stm32f4xx_hal_iwdg.o
 .debug_aranges
                0x00000000       0x28 ./system/src/stm32f4-hal/stm32f4xx_hal_iwdg.o
 .debug_ranges  0x00000000       0x18 ./system/src/stm32f4-hal/stm32f4xx_hal_iwdg.o
 .debug_line    0x00000000      0x258 ./system/src/stm32f4-hal/stm32f4xx_hal_iwdg.o
 .debug_str     0x00000000      0x6ac ./system/src/stm32f4-hal/stm32f4xx_hal_iwdg.o
 .comment       0x00000000       0x7f ./system/src/stm32f4-hal/stm32f4xx_hal_iwdg.o
 .debug_frame   0x00000000       0x3c ./system/src/stm32f4-hal/stm32f4xx_hal_iwdg.o
 .ARM.attributes
                0x00000000       0x33 ./system/src/stm32f4-hal/stm32f4xx_hal_iwdg.o
 .text          0x00000000        0x0 ./system/src/stm32f4-hal/stm32f4xx_hal_pwr.o
 .data          0x00000000        0x0 ./system/src/stm32f4-hal/stm32f4xx_hal_pwr.o
 .bss           0x00000000        0x0 ./system/src/stm32f4-hal/stm32f4xx_hal_pwr.o
 .text.HAL_PWR_DeInit
                0x00000000       0x18 ./system/src/stm32f4-hal/stm32f4xx_hal_pwr.o
 .text.HAL_PWR_EnableBkUpAccess
                0x00000000       0x1c ./system/src/stm32f4-hal/stm32f4xx_hal_pwr.o
 .text.HAL_PWR_DisableBkUpAccess
                0x00000000       0x1c ./system/src/stm32f4-hal/stm32f4xx_hal_pwr.o
 .text.HAL_PWR_ConfigPVD
                0x00000000       0x70 ./system/src/stm32f4-hal/stm32f4xx_hal_pwr.o
 .text.HAL_PWR_EnablePVD
                0x00000000       0x1a ./system/src/stm32f4-hal/stm32f4xx_hal_pwr.o
 .text.HAL_PWR_DisablePVD
                0x00000000       0x1a ./system/src/stm32f4-hal/stm32f4xx_hal_pwr.o
 .text.HAL_PWR_EnableWakeUpPin
                0x00000000       0x10 ./system/src/stm32f4-hal/stm32f4xx_hal_pwr.o
 .text.HAL_PWR_DisableWakeUpPin
                0x00000000       0x10 ./system/src/stm32f4-hal/stm32f4xx_hal_pwr.o
 .text.HAL_PWR_EnterSLEEPMode
                0x00000000       0x20 ./system/src/stm32f4-hal/stm32f4xx_hal_pwr.o
 .text.HAL_PWR_EnterSTOPMode
                0x00000000       0x38 ./system/src/stm32f4-hal/stm32f4xx_hal_pwr.o
 .text.HAL_PWR_EnterSTANDBYMode
                0x00000000       0x20 ./system/src/stm32f4-hal/stm32f4xx_hal_pwr.o
 .text.HAL_PWR_PVDCallback
                0x00000000        0x2 ./system/src/stm32f4-hal/stm32f4xx_hal_pwr.o
 .text.HAL_PWR_PVD_IRQHandler
                0x00000000       0x1c ./system/src/stm32f4-hal/stm32f4xx_hal_pwr.o
 .text.HAL_PWR_EnableSleepOnExit
                0x00000000       0x10 ./system/src/stm32f4-hal/stm32f4xx_hal_pwr.o
 .text.HAL_PWR_DisableSleepOnExit
                0x00000000       0x10 ./system/src/stm32f4-hal/stm32f4xx_hal_pwr.o
 .text.HAL_PWR_EnableSEVOnPend
                0x00000000       0x10 ./system/src/stm32f4-hal/stm32f4xx_hal_pwr.o
 .text.HAL_PWR_DisableSEVOnPend
                0x00000000       0x10 ./system/src/stm32f4-hal/stm32f4xx_hal_pwr.o
 .debug_info    0x00000000     0x1098 ./system/src/stm32f4-hal/stm32f4xx_hal_pwr.o
 .debug_abbrev  0x00000000      0x2d7 ./system/src/stm32f4-hal/stm32f4xx_hal_pwr.o
 .debug_loc     0x00000000       0xd8 ./system/src/stm32f4-hal/stm32f4xx_hal_pwr.o
 .debug_aranges
                0x00000000       0xa0 ./system/src/stm32f4-hal/stm32f4xx_hal_pwr.o
 .debug_ranges  0x00000000       0x90 ./system/src/stm32f4-hal/stm32f4xx_hal_pwr.o
 .debug_line    0x00000000      0x3a8 ./system/src/stm32f4-hal/stm32f4xx_hal_pwr.o
 .debug_str     0x00000000      0x983 ./system/src/stm32f4-hal/stm32f4xx_hal_pwr.o
 .comment       0x00000000       0x7f ./system/src/stm32f4-hal/stm32f4xx_hal_pwr.o
 .debug_frame   0x00000000      0x128 ./system/src/stm32f4-hal/stm32f4xx_hal_pwr.o
 .ARM.attributes
                0x00000000       0x33 ./system/src/stm32f4-hal/stm32f4xx_hal_pwr.o
 .text          0x00000000        0x0 ./system/src/stm32f4-hal/stm32f4xx_hal_rcc.o
 .data          0x00000000        0x0 ./system/src/stm32f4-hal/stm32f4xx_hal_rcc.o
 .bss           0x00000000        0x0 ./system/src/stm32f4-hal/stm32f4xx_hal_rcc.o
 .text.HAL_RCC_DeInit
                0x00000000        0x2 ./system/src/stm32f4-hal/stm32f4xx_hal_rcc.o
 .text.HAL_RCC_MCOConfig
                0x00000000       0x94 ./system/src/stm32f4-hal/stm32f4xx_hal_rcc.o
 .text.HAL_RCC_EnableCSS
                0x00000000        0xc ./system/src/stm32f4-hal/stm32f4xx_hal_rcc.o
 .text.HAL_RCC_DisableCSS
                0x00000000        0xc ./system/src/stm32f4-hal/stm32f4xx_hal_rcc.o
 .text.HAL_RCC_GetPCLK1Freq
                0x00000000       0x30 ./system/src/stm32f4-hal/stm32f4xx_hal_rcc.o
 .text.HAL_RCC_GetPCLK2Freq
                0x00000000       0x30 ./system/src/stm32f4-hal/stm32f4xx_hal_rcc.o
 .text.HAL_RCC_GetOscConfig
                0x00000000       0xcc ./system/src/stm32f4-hal/stm32f4xx_hal_rcc.o
 .text.HAL_RCC_GetClockConfig
                0x00000000       0x3c ./system/src/stm32f4-hal/stm32f4xx_hal_rcc.o
 .text.HAL_RCC_CSSCallback
                0x00000000        0x2 ./system/src/stm32f4-hal/stm32f4xx_hal_rcc.o
 .text.HAL_RCC_NMI_IRQHandler
                0x00000000       0x20 ./system/src/stm32f4-hal/stm32f4xx_hal_rcc.o
 .text          0x00000000        0x0 ./system/src/newlib/_cxx.o
 .data          0x00000000        0x0 ./system/src/newlib/_cxx.o
 .bss           0x00000000        0x0 ./system/src/newlib/_cxx.o
 .text._ZN9__gnu_cxx27__verbose_terminate_handlerEv
                0x00000000        0x6 ./system/src/newlib/_cxx.o
 .text.__cxa_pure_virtual
                0x00000000        0x6 ./system/src/newlib/_cxx.o
 .debug_info    0x00000000      0xf94 ./system/src/newlib/_cxx.o
 .debug_abbrev  0x00000000      0x300 ./system/src/newlib/_cxx.o
 .debug_aranges
                0x00000000       0x20 ./system/src/newlib/_cxx.o
 .debug_ranges  0x00000000       0x10 ./system/src/newlib/_cxx.o
 .debug_line    0x00000000      0x396 ./system/src/newlib/_cxx.o
 .debug_str     0x00000000      0x828 ./system/src/newlib/_cxx.o
 .comment       0x00000000       0x7f ./system/src/newlib/_cxx.o
 .debug_frame   0x00000000       0x40 ./system/src/newlib/_cxx.o
 .ARM.attributes
                0x00000000       0x33 ./system/src/newlib/_cxx.o
 .text          0x00000000        0x0 ./system/src/newlib/_exit.o
 .data          0x00000000        0x0 ./system/src/newlib/_exit.o
 .bss           0x00000000        0x0 ./system/src/newlib/_exit.o
 .text.abort    0x00000000        0x8 ./system/src/newlib/_exit.o
 .text          0x00000000        0x0 ./system/src/newlib/_sbrk.o
 .data          0x00000000        0x0 ./system/src/newlib/_sbrk.o
 .bss           0x00000000        0x0 ./system/src/newlib/_sbrk.o
 .text._sbrk    0x00000000       0x3c ./system/src/newlib/_sbrk.o
 .bss.current_heap_end.3961
                0x00000000        0x4 ./system/src/newlib/_sbrk.o
 .debug_info    0x00000000      0x93e ./system/src/newlib/_sbrk.o
 .debug_abbrev  0x00000000      0x1f9 ./system/src/newlib/_sbrk.o
 .debug_loc     0x00000000       0x6a ./system/src/newlib/_sbrk.o
 .debug_aranges
                0x00000000       0x20 ./system/src/newlib/_sbrk.o
 .debug_ranges  0x00000000       0x10 ./system/src/newlib/_sbrk.o
 .debug_line    0x00000000      0x17b ./system/src/newlib/_sbrk.o
 .debug_str     0x00000000      0x614 ./system/src/newlib/_sbrk.o
 .comment       0x00000000       0x7f ./system/src/newlib/_sbrk.o
 .debug_frame   0x00000000       0x28 ./system/src/newlib/_sbrk.o
 .ARM.attributes
                0x00000000       0x33 ./system/src/newlib/_sbrk.o
 .text          0x00000000        0x0 ./system/src/newlib/_startup.o
 .data          0x00000000        0x0 ./system/src/newlib/_startup.o
 .bss           0x00000000        0x0 ./system/src/newlib/_startup.o
 .text.__initialize_data
                0x00000000       0x10 ./system/src/newlib/_startup.o
 .text.__initialize_bss
                0x00000000        0xe ./system/src/newlib/_startup.o
 .text.__run_init_array
                0x00000000       0x44 ./system/src/newlib/_startup.o
 .text.__run_fini_array
                0x00000000       0x24 ./system/src/newlib/_startup.o
 .text          0x00000000        0x0 ./system/src/newlib/_syscalls.o
 .data          0x00000000        0x0 ./system/src/newlib/_syscalls.o
 .bss           0x00000000        0x0 ./system/src/newlib/_syscalls.o
 .text.raise    0x00000000       0x10 ./system/src/newlib/_syscalls.o
 .text.kill     0x00000000       0x10 ./system/src/newlib/_syscalls.o
 .bss.__dso_handle
                0x00000000        0x4 ./system/src/newlib/_syscalls.o
 COMMON         0x00000000        0x4 ./system/src/newlib/_syscalls.o
 .text          0x00000000        0x0 ./system/src/newlib/assert.o
 .data          0x00000000        0x0 ./system/src/newlib/assert.o
 .bss           0x00000000        0x0 ./system/src/newlib/assert.o
 .text.__assert_func
                0x00000000        0x6 ./system/src/newlib/assert.o
 .debug_info    0x00000000      0x96b ./system/src/newlib/assert.o
 .debug_abbrev  0x00000000      0x1fe ./system/src/newlib/assert.o
 .debug_loc     0x00000000       0x84 ./system/src/newlib/assert.o
 .debug_aranges
                0x00000000       0x20 ./system/src/newlib/assert.o
 .debug_ranges  0x00000000       0x10 ./system/src/newlib/assert.o
 .debug_line    0x00000000      0x1ff ./system/src/newlib/assert.o
 .debug_str     0x00000000      0x61d ./system/src/newlib/assert.o
 .comment       0x00000000       0x7f ./system/src/newlib/assert.o
 .debug_frame   0x00000000       0x28 ./system/src/newlib/assert.o
 .ARM.attributes
                0x00000000       0x33 ./system/src/newlib/assert.o
 .text          0x00000000        0x0 ./system/src/diag/Trace.o
 .data          0x00000000        0x0 ./system/src/diag/Trace.o
 .bss           0x00000000        0x0 ./system/src/diag/Trace.o
 .debug_line    0x00000000        0x0 ./system/src/diag/Trace.o
 .debug_str     0x00000000      0x130 ./system/src/diag/Trace.o
 .comment       0x00000000       0x7f ./system/src/diag/Trace.o
 .ARM.attributes
                0x00000000       0x33 ./system/src/diag/Trace.o
 .text          0x00000000        0x0 ./system/src/diag/trace_impl.o
 .data          0x00000000        0x0 ./system/src/diag/trace_impl.o
 .bss           0x00000000        0x0 ./system/src/diag/trace_impl.o
 .debug_line    0x00000000        0x0 ./system/src/diag/trace_impl.o
 .debug_str     0x00000000      0x135 ./system/src/diag/trace_impl.o
 .comment       0x00000000       0x7f ./system/src/diag/trace_impl.o
 .ARM.attributes
                0x00000000       0x33 ./system/src/diag/trace_impl.o
 .text          0x00000000        0x0 ./system/src/cortexm/_initialize_hardware.o
 .data          0x00000000        0x0 ./system/src/cortexm/_initialize_hardware.o
 .bss           0x00000000        0x0 ./system/src/cortexm/_initialize_hardware.o
 .text.__initialize_hardware
                0x00000000        0x4 ./system/src/cortexm/_initialize_hardware.o
 .text          0x00000000        0x0 ./system/src/cortexm/_reset_hardware.o
 .data          0x00000000        0x0 ./system/src/cortexm/_reset_hardware.o
 .bss           0x00000000        0x0 ./system/src/cortexm/_reset_hardware.o
 .text          0x00000000        0x0 ./system/src/cortexm/exception_handlers.o
 .data          0x00000000        0x0 ./system/src/cortexm/exception_handlers.o
 .bss           0x00000000        0x0 ./system/src/cortexm/exception_handlers.o
 .text          0x00000000        0x0 ./system/src/cmsis/system_stm32f4xx.o
 .data          0x00000000        0x0 ./system/src/cmsis/system_stm32f4xx.o
 .bss           0x00000000        0x0 ./system/src/cmsis/system_stm32f4xx.o
 .text          0x00000000        0x0 ./system/src/cmsis/vectors_stm32f401xc.o
 .data          0x00000000        0x0 ./system/src/cmsis/vectors_stm32f401xc.o
 .bss           0x00000000        0x0 ./system/src/cmsis/vectors_stm32f401xc.o
 .text          0x00000000        0x0 ./src/RTOS/scheduler/Scheduler_prg.o
 .data          0x00000000        0x0 ./src/RTOS/scheduler/Scheduler_prg.o
 .bss           0x00000000        0x0 ./src/RTOS/scheduler/Scheduler_prg.o
 .text.OS_Scheduler
                0x00000000       0x4c ./src/RTOS/scheduler/Scheduler_prg.o
 .text.OS_vStart
                0x00000000       0x28 ./src/RTOS/scheduler/Scheduler_prg.o
 .text.OS_CreateTask
                0x00000000       0x34 ./src/RTOS/scheduler/Scheduler_prg.o
 .text.OS_SuspendTask
                0x00000000       0x1c ./src/RTOS/scheduler/Scheduler_prg.o
 .text.OS_ResumeTask
                0x00000000       0x1c ./src/RTOS/scheduler/Scheduler_prg.o
 .text.OS_DeleteTask
                0x00000000       0x2c ./src/RTOS/scheduler/Scheduler_prg.o
 .rodata        0x00000000        0x2 ./src/RTOS/scheduler/Scheduler_prg.o
 .bss.Sys_Task  0x00000000       0xa0 ./src/RTOS/scheduler/Scheduler_prg.o
 .debug_info    0x00000000      0x32f ./src/RTOS/scheduler/Scheduler_prg.o
 .debug_abbrev  0x00000000      0x180 ./src/RTOS/scheduler/Scheduler_prg.o
 .debug_loc     0x00000000      0x1fe ./src/RTOS/scheduler/Scheduler_prg.o
 .debug_aranges
                0x00000000       0x48 ./src/RTOS/scheduler/Scheduler_prg.o
 .debug_ranges  0x00000000       0x58 ./src/RTOS/scheduler/Scheduler_prg.o
 .debug_line    0x00000000      0x17c ./src/RTOS/scheduler/Scheduler_prg.o
 .debug_str     0x00000000      0x325 ./src/RTOS/scheduler/Scheduler_prg.o
 .comment       0x00000000       0x7f ./src/RTOS/scheduler/Scheduler_prg.o
 .debug_frame   0x00000000       0xa4 ./src/RTOS/scheduler/Scheduler_prg.o
 .ARM.attributes
                0x00000000       0x33 ./src/RTOS/scheduler/Scheduler_prg.o
 COMMON         0x00000000       0x28 ./src/RTOS/scheduler/Scheduler_prg.o
 .text          0x00000000        0x0 ./src/MCAL/UART/UART_prg.o
 .data          0x00000000        0x0 ./src/MCAL/UART/UART_prg.o
 .bss           0x00000000        0x0 ./src/MCAL/UART/UART_prg.o
 .text.USART1_vInit
                0x00000000       0x4c ./src/MCAL/UART/UART_prg.o
 .text.USART1_vSendData
                0x00000000       0x20 ./src/MCAL/UART/UART_prg.o
 .text.USART1_u8ReceiveData
                0x00000000       0x14 ./src/MCAL/UART/UART_prg.o
 .debug_info    0x00000000      0x122 ./src/MCAL/UART/UART_prg.o
 .debug_abbrev  0x00000000       0xbf ./src/MCAL/UART/UART_prg.o
 .debug_aranges
                0x00000000       0x30 ./src/MCAL/UART/UART_prg.o
 .debug_ranges  0x00000000       0x20 ./src/MCAL/UART/UART_prg.o
 .debug_line    0x00000000       0xc5 ./src/MCAL/UART/UART_prg.o
 .debug_str     0x00000000      0x1e1 ./src/MCAL/UART/UART_prg.o
 .comment       0x00000000       0x7f ./src/MCAL/UART/UART_prg.o
 .debug_frame   0x00000000       0x40 ./src/MCAL/UART/UART_prg.o
 .ARM.attributes
                0x00000000       0x33 ./src/MCAL/UART/UART_prg.o
 .text          0x00000000        0x0 ./src/MCAL/SYSTICK/SYSTICK_prg.o
 .data          0x00000000        0x0 ./src/MCAL/SYSTICK/SYSTICK_prg.o
 .bss           0x00000000        0x0 ./src/MCAL/SYSTICK/SYSTICK_prg.o
 .text.MSYSTICK_vInit
                0x00000000       0x40 ./src/MCAL/SYSTICK/SYSTICK_prg.o
 .text.MSYSTICK_vStartTimer
                0x00000000       0x18 ./src/MCAL/SYSTICK/SYSTICK_prg.o
 .text.MSYSTICK_vSetDelay_ms
                0x00000000       0x34 ./src/MCAL/SYSTICK/SYSTICK_prg.o
 .text.MSYSTICK_vSetDelay_s
                0x00000000       0x18 ./src/MCAL/SYSTICK/SYSTICK_prg.o
 .text.MSYSTICK_u32GetElapsedTime_SingleShot
                0x00000000       0x10 ./src/MCAL/SYSTICK/SYSTICK_prg.o
 .text.MSYSTICK_u32GetRemainingTime_SingleShot
                0x00000000        0xc ./src/MCAL/SYSTICK/SYSTICK_prg.o
 .text.MSYSTICK_vSetInterval_Single
                0x00000000       0x34 ./src/MCAL/SYSTICK/SYSTICK_prg.o
 .text.MSYSTICK_vSetInterval_Multi
                0x00000000       0x34 ./src/MCAL/SYSTICK/SYSTICK_prg.o
 .text.MSYSTICK_vSetInterval_Multi_Tick
                0x00000000       0x2c ./src/MCAL/SYSTICK/SYSTICK_prg.o
 .text          0x00000000        0x0 ./src/MCAL/SYSCFG/SYSCFG_prg.o
 .data          0x00000000        0x0 ./src/MCAL/SYSCFG/SYSCFG_prg.o
 .bss           0x00000000        0x0 ./src/MCAL/SYSCFG/SYSCFG_prg.o
 .text.MSYSCFG_vSetEXTIPort
                0x00000000       0x2c ./src/MCAL/SYSCFG/SYSCFG_prg.o
 .debug_info    0x00000000      0x11a ./src/MCAL/SYSCFG/SYSCFG_prg.o
 .debug_abbrev  0x00000000       0xbb ./src/MCAL/SYSCFG/SYSCFG_prg.o
 .debug_loc     0x00000000       0x73 ./src/MCAL/SYSCFG/SYSCFG_prg.o
 .debug_aranges
                0x00000000       0x20 ./src/MCAL/SYSCFG/SYSCFG_prg.o
 .debug_ranges  0x00000000       0x10 ./src/MCAL/SYSCFG/SYSCFG_prg.o
 .debug_line    0x00000000       0x91 ./src/MCAL/SYSCFG/SYSCFG_prg.o
 .debug_str     0x00000000      0x210 ./src/MCAL/SYSCFG/SYSCFG_prg.o
 .comment       0x00000000       0x7f ./src/MCAL/SYSCFG/SYSCFG_prg.o
 .debug_frame   0x00000000       0x28 ./src/MCAL/SYSCFG/SYSCFG_prg.o
 .ARM.attributes
                0x00000000       0x33 ./src/MCAL/SYSCFG/SYSCFG_prg.o
 .text          0x00000000        0x0 ./src/MCAL/SPI/SPI_prg.o
 .data          0x00000000        0x0 ./src/MCAL/SPI/SPI_prg.o
 .bss           0x00000000        0x0 ./src/MCAL/SPI/SPI_prg.o
 .text.MSPI_vEnable
                0x00000000        0x2 ./src/MCAL/SPI/SPI_prg.o
 .text.MSPI_vDisable
                0x00000000        0x2 ./src/MCAL/SPI/SPI_prg.o
 .text.MSPI_vSendData
                0x00000000        0x2 ./src/MCAL/SPI/SPI_prg.o
 .text.MSPI_u16ReceiveData
                0x00000000        0x4 ./src/MCAL/SPI/SPI_prg.o
 .text.MSPI_vEnableInterrupt
                0x00000000        0x2 ./src/MCAL/SPI/SPI_prg.o
 .text.MSPI_vDisableInterrupt
                0x00000000        0x2 ./src/MCAL/SPI/SPI_prg.o
 .text.MSPI_vSetCallBack
                0x00000000        0x2 ./src/MCAL/SPI/SPI_prg.o
 .text.MSPI_vSetClockPolarity
                0x00000000        0x2 ./src/MCAL/SPI/SPI_prg.o
 .text.MSPI_vSetClockPhase
                0x00000000        0x2 ./src/MCAL/SPI/SPI_prg.o
 .text.MSPI_vSetDataOrder
                0x00000000        0x2 ./src/MCAL/SPI/SPI_prg.o
 .text.MSPI_vSetBaudRate
                0x00000000        0x2 ./src/MCAL/SPI/SPI_prg.o
 .text.MSPI_vSetMode
                0x00000000        0x2 ./src/MCAL/SPI/SPI_prg.o
 .text          0x00000000        0x0 ./src/MCAL/RCC/RCC_prg.o
 .data          0x00000000        0x0 ./src/MCAL/RCC/RCC_prg.o
 .bss           0x00000000        0x0 ./src/MCAL/RCC/RCC_prg.o
 .text.MRCC_vDisableClk
                0x00000000      0x1e0 ./src/MCAL/RCC/RCC_prg.o
 .text          0x00000000        0x0 ./src/MCAL/NVIC/NVIC_prg.o
 .data          0x00000000        0x0 ./src/MCAL/NVIC/NVIC_prg.o
 .bss           0x00000000        0x0 ./src/MCAL/NVIC/NVIC_prg.o
 .text.MNVIC_vEnable_Peripheral_INT
                0x00000000       0x1c ./src/MCAL/NVIC/NVIC_prg.o
 .text.MNVIC_vDisable_Peripheral_INT
                0x00000000       0x20 ./src/MCAL/NVIC/NVIC_prg.o
 .text.MNVIC_vSetPendingFlag
                0x00000000       0x20 ./src/MCAL/NVIC/NVIC_prg.o
 .text.MNVIC_vCLRPendingFlag
                0x00000000       0x20 ./src/MCAL/NVIC/NVIC_prg.o
 .text.MNVIC_u8GETFlagStatus
                0x00000000       0x1c ./src/MCAL/NVIC/NVIC_prg.o
 .text.MNVIC_vSetGroupPriority
                0x00000000       0x1c ./src/MCAL/NVIC/NVIC_prg.o
 .text.MNVIC_vSetPeripheralPeriority
                0x00000000       0x54 ./src/MCAL/NVIC/NVIC_prg.o
 .bss.G_u8GroupPriority
                0x00000000        0x1 ./src/MCAL/NVIC/NVIC_prg.o
 .debug_info    0x00000000      0x2ee ./src/MCAL/NVIC/NVIC_prg.o
 .debug_abbrev  0x00000000      0x107 ./src/MCAL/NVIC/NVIC_prg.o
 .debug_loc     0x00000000      0x20b ./src/MCAL/NVIC/NVIC_prg.o
 .debug_aranges
                0x00000000       0x50 ./src/MCAL/NVIC/NVIC_prg.o
 .debug_ranges  0x00000000       0x40 ./src/MCAL/NVIC/NVIC_prg.o
 .debug_line    0x00000000      0x101 ./src/MCAL/NVIC/NVIC_prg.o
 .debug_str     0x00000000      0x34f ./src/MCAL/NVIC/NVIC_prg.o
 .comment       0x00000000       0x7f ./src/MCAL/NVIC/NVIC_prg.o
 .debug_frame   0x00000000       0x80 ./src/MCAL/NVIC/NVIC_prg.o
 .ARM.attributes
                0x00000000       0x33 ./src/MCAL/NVIC/NVIC_prg.o
 .text          0x00000000        0x0 ./src/MCAL/GPIO/GPIO_prg.o
 .data          0x00000000        0x0 ./src/MCAL/GPIO/GPIO_prg.o
 .bss           0x00000000        0x0 ./src/MCAL/GPIO/GPIO_prg.o
 .text.MGPIO_vTogPinValue
                0x00000000       0x30 ./src/MCAL/GPIO/GPIO_prg.o
 .text.MGPIO_u8GetPinValue
                0x00000000       0x60 ./src/MCAL/GPIO/GPIO_prg.o
 .text.MGPIO_vSetPinAtomic
                0x00000000       0x78 ./src/MCAL/GPIO/GPIO_prg.o
 .text          0x00000000        0x0 ./src/MCAL/EXTI/EXTI_prg.o
 .data          0x00000000        0x0 ./src/MCAL/EXTI/EXTI_prg.o
 .bss           0x00000000        0x0 ./src/MCAL/EXTI/EXTI_prg.o
 .text.MEXTI_vInit
                0x00000000       0x10 ./src/MCAL/EXTI/EXTI_prg.o
 .text.MEXTI_vEnableINT
                0x00000000       0x48 ./src/MCAL/EXTI/EXTI_prg.o
 .text.MEXTI_vDisableINT
                0x00000000       0x1c ./src/MCAL/EXTI/EXTI_prg.o
 .text.MEXTI_vSetTrigger
                0x00000000       0x48 ./src/MCAL/EXTI/EXTI_prg.o
 .text.MEXTI_vSoftwareINT
                0x00000000       0x18 ./src/MCAL/EXTI/EXTI_prg.o
 .text.MEXTI_vSetCallBack
                0x00000000       0x10 ./src/MCAL/EXTI/EXTI_prg.o
 .text.EXTI9_5IRQHandler
                0x00000000       0x3c ./src/MCAL/EXTI/EXTI_prg.o
 .text.MEXTI_vClearPendingFlag
                0x00000000       0x14 ./src/MCAL/EXTI/EXTI_prg.o
 .text          0x00000000        0x0 ./src/LIB/Delay/Delay_prg.o
 .data          0x00000000        0x0 ./src/LIB/Delay/Delay_prg.o
 .bss           0x00000000        0x0 ./src/LIB/Delay/Delay_prg.o
 .text.DELAY_sec
                0x00000000       0x1c ./src/LIB/Delay/Delay_prg.o
 .text.DELAY_ms
                0x00000000       0x1a ./src/LIB/Delay/Delay_prg.o
 .text.DELAY_us
                0x00000000       0x16 ./src/LIB/Delay/Delay_prg.o
 .debug_info    0x00000000      0x101 ./src/LIB/Delay/Delay_prg.o
 .debug_abbrev  0x00000000       0x83 ./src/LIB/Delay/Delay_prg.o
 .debug_loc     0x00000000       0x63 ./src/LIB/Delay/Delay_prg.o
 .debug_aranges
                0x00000000       0x30 ./src/LIB/Delay/Delay_prg.o
 .debug_ranges  0x00000000       0x20 ./src/LIB/Delay/Delay_prg.o
 .debug_line    0x00000000       0xba ./src/LIB/Delay/Delay_prg.o
 .debug_str     0x00000000      0x1ba ./src/LIB/Delay/Delay_prg.o
 .comment       0x00000000       0x7f ./src/LIB/Delay/Delay_prg.o
 .debug_frame   0x00000000       0x64 ./src/LIB/Delay/Delay_prg.o
 .ARM.attributes
                0x00000000       0x33 ./src/LIB/Delay/Delay_prg.o
 .text          0x00000000        0x0 ./src/HAL/Seven_Segment/Seven_Segment_prg.o
 .data          0x00000000        0x0 ./src/HAL/Seven_Segment/Seven_Segment_prg.o
 .bss           0x00000000        0x0 ./src/HAL/Seven_Segment/Seven_Segment_prg.o
 .text._7_Segment_Init
                0x00000000       0x36 ./src/HAL/Seven_Segment/Seven_Segment_prg.o
 .text._7_Segment_Write
                0x00000000       0x30 ./src/HAL/Seven_Segment/Seven_Segment_prg.o
 .text.SEG_DisplayHex
                0x00000000       0x1c ./src/HAL/Seven_Segment/Seven_Segment_prg.o
 .rodata.NumberConfig
                0x00000000       0x10 ./src/HAL/Seven_Segment/Seven_Segment_prg.o
 .debug_info    0x00000000      0x342 ./src/HAL/Seven_Segment/Seven_Segment_prg.o
 .debug_abbrev  0x00000000      0x1cd ./src/HAL/Seven_Segment/Seven_Segment_prg.o
 .debug_loc     0x00000000      0x220 ./src/HAL/Seven_Segment/Seven_Segment_prg.o
 .debug_aranges
                0x00000000       0x30 ./src/HAL/Seven_Segment/Seven_Segment_prg.o
 .debug_ranges  0x00000000       0x38 ./src/HAL/Seven_Segment/Seven_Segment_prg.o
 .debug_line    0x00000000      0x139 ./src/HAL/Seven_Segment/Seven_Segment_prg.o
 .debug_str     0x00000000      0x2a7 ./src/HAL/Seven_Segment/Seven_Segment_prg.o
 .comment       0x00000000       0x7f ./src/HAL/Seven_Segment/Seven_Segment_prg.o
 .debug_frame   0x00000000       0x74 ./src/HAL/Seven_Segment/Seven_Segment_prg.o
 .ARM.attributes
                0x00000000       0x33 ./src/HAL/Seven_Segment/Seven_Segment_prg.o
 .text          0x00000000        0x0 ./src/HAL/S2P/S2P_prg.o
 .data          0x00000000        0x0 ./src/HAL/S2P/S2P_prg.o
 .bss           0x00000000        0x0 ./src/HAL/S2P/S2P_prg.o
 .text.S2P_vInit
                0x00000000       0x68 ./src/HAL/S2P/S2P_prg.o
 .text.S2P_ShiftData
                0x00000000       0x22 ./src/HAL/S2P/S2P_prg.o
 .text.S2P_LatchData
                0x00000000       0x22 ./src/HAL/S2P/S2P_prg.o
 .text.S2P_SendData
                0x00000000       0x2e ./src/HAL/S2P/S2P_prg.o
 .debug_info    0x00000000      0x32d ./src/HAL/S2P/S2P_prg.o
 .debug_abbrev  0x00000000      0x111 ./src/HAL/S2P/S2P_prg.o
 .debug_loc     0x00000000       0xf8 ./src/HAL/S2P/S2P_prg.o
 .debug_aranges
                0x00000000       0x38 ./src/HAL/S2P/S2P_prg.o
 .debug_ranges  0x00000000       0x28 ./src/HAL/S2P/S2P_prg.o
 .debug_line    0x00000000      0x14c ./src/HAL/S2P/S2P_prg.o
 .debug_str     0x00000000      0x2ac ./src/HAL/S2P/S2P_prg.o
 .comment       0x00000000       0x7f ./src/HAL/S2P/S2P_prg.o
 .debug_frame   0x00000000       0x90 ./src/HAL/S2P/S2P_prg.o
 .ARM.attributes
                0x00000000       0x33 ./src/HAL/S2P/S2P_prg.o
 .text          0x00000000        0x0 ./src/HAL/RGB_LED/RGB_prg.o
 .data          0x00000000        0x0 ./src/HAL/RGB_LED/RGB_prg.o
 .bss           0x00000000        0x0 ./src/HAL/RGB_LED/RGB_prg.o
 .text.RGB_init
                0x00000000       0x62 ./src/HAL/RGB_LED/RGB_prg.o
 .text.RGB_Color
                0x00000000       0x2a ./src/HAL/RGB_LED/RGB_prg.o
 .debug_info    0x00000000      0x23a ./src/HAL/RGB_LED/RGB_prg.o
 .debug_abbrev  0x00000000      0x102 ./src/HAL/RGB_LED/RGB_prg.o
 .debug_loc     0x00000000       0xb0 ./src/HAL/RGB_LED/RGB_prg.o
 .debug_aranges
                0x00000000       0x28 ./src/HAL/RGB_LED/RGB_prg.o
 .debug_ranges  0x00000000       0x18 ./src/HAL/RGB_LED/RGB_prg.o
 .debug_line    0x00000000      0x106 ./src/HAL/RGB_LED/RGB_prg.o
 .debug_str     0x00000000      0x257 ./src/HAL/RGB_LED/RGB_prg.o
 .comment       0x00000000       0x7f ./src/HAL/RGB_LED/RGB_prg.o
 .debug_frame   0x00000000       0x54 ./src/HAL/RGB_LED/RGB_prg.o
 .ARM.attributes
                0x00000000       0x33 ./src/HAL/RGB_LED/RGB_prg.o
 .text          0x00000000        0x0 ./src/HAL/LEDMATRIX/LEDMATRIX_prg.o
 .data          0x00000000        0x0 ./src/HAL/LEDMATRIX/LEDMATRIX_prg.o
 .bss           0x00000000        0x0 ./src/HAL/LEDMATRIX/LEDMATRIX_prg.o
 .text.LEDMATRIX_vDisplayColumn
                0x00000000       0x34 ./src/HAL/LEDMATRIX/LEDMATRIX_prg.o
 .text.LEDMATRIX_vDisplayFrame
                0x00000000       0x18 ./src/HAL/LEDMATRIX/LEDMATRIX_prg.o
 .text.LEDMATRIX_vInit
                0x00000000       0x20 ./src/HAL/LEDMATRIX/LEDMATRIX_prg.o
 .rodata.LEDMATRIX_RowPins
                0x00000000        0x8 ./src/HAL/LEDMATRIX/LEDMATRIX_prg.o
 .rodata.LEDMATRIX_S2P
                0x00000000        0x6 ./src/HAL/LEDMATRIX/LEDMATRIX_prg.o
 .debug_info    0x00000000      0x2ba ./src/HAL/LEDMATRIX/LEDMATRIX_prg.o
 .debug_abbrev  0x00000000      0x175 ./src/HAL/LEDMATRIX/LEDMATRIX_prg.o
 .debug_loc     0x00000000      0x118 ./src/HAL/LEDMATRIX/LEDMATRIX_prg.o
 .debug_aranges
                0x00000000       0x30 ./src/HAL/LEDMATRIX/LEDMATRIX_prg.o
 .debug_ranges  0x00000000       0x68 ./src/HAL/LEDMATRIX/LEDMATRIX_prg.o
 .debug_line    0x00000000      0x170 ./src/HAL/LEDMATRIX/LEDMATRIX_prg.o
 .debug_str     0x00000000      0x2da ./src/HAL/LEDMATRIX/LEDMATRIX_prg.o
 .comment       0x00000000       0x7f ./src/HAL/LEDMATRIX/LEDMATRIX_prg.o
 .debug_frame   0x00000000       0x64 ./src/HAL/LEDMATRIX/LEDMATRIX_prg.o
 .ARM.attributes
                0x00000000       0x33 ./src/HAL/LEDMATRIX/LEDMATRIX_prg.o
 .text          0x00000000        0x0 ./src/HAL/IR/IR_prg.o
 .data          0x00000000        0x0 ./src/HAL/IR/IR_prg.o
 .bss           0x00000000        0x0 ./src/HAL/IR/IR_prg.o
 .text.IR_DecodeFrame
                0x00000000       0x6c ./src/HAL/IR/IR_prg.o
 .text.IR_EXTI_Handler
                0x00000000       0x58 ./src/HAL/IR/IR_prg.o
 .text.IR_Init  0x00000000       0x60 ./src/HAL/IR/IR_prg.o
 .text.IR_GetLastCode
                0x00000000       0x10 ./src/HAL/IR/IR_prg.o
 .text.IR_ClearLastCode
                0x00000000        0xc ./src/HAL/IR/IR_prg.o
 .bss.g_irState
                0x00000000       0xcc ./src/HAL/IR/IR_prg.o
 .bss.s_callback
                0x00000000        0x4 ./src/HAL/IR/IR_prg.o
 .debug_info    0x00000000      0x3fe ./src/HAL/IR/IR_prg.o
 .debug_abbrev  0x00000000      0x214 ./src/HAL/IR/IR_prg.o
 .debug_loc     0x00000000      0x14b ./src/HAL/IR/IR_prg.o
 .debug_aranges
                0x00000000       0x40 ./src/HAL/IR/IR_prg.o
 .debug_ranges  0x00000000       0x88 ./src/HAL/IR/IR_prg.o
 .debug_line    0x00000000      0x211 ./src/HAL/IR/IR_prg.o
 .debug_str     0x00000000      0x35c ./src/HAL/IR/IR_prg.o
 .comment       0x00000000       0x7f ./src/HAL/IR/IR_prg.o
 .debug_frame   0x00000000       0xa0 ./src/HAL/IR/IR_prg.o
 .ARM.attributes
                0x00000000       0x33 ./src/HAL/IR/IR_prg.o
 .text          0x00000000        0x0 ./src/HAL/DAC_8bit/DAC_prg.o
 .data          0x00000000        0x0 ./src/HAL/DAC_8bit/DAC_prg.o
 .bss           0x00000000        0x0 ./src/HAL/DAC_8bit/DAC_prg.o
 .text.HDAC_vInit
                0x00000000       0x50 ./src/HAL/DAC_8bit/DAC_prg.o
 .text.HDAC_vSend
                0x00000000       0x2c ./src/HAL/DAC_8bit/DAC_prg.o
 .rodata        0x00000000        0x2 ./src/HAL/DAC_8bit/DAC_prg.o
 .debug_info    0x00000000      0x28b ./src/HAL/DAC_8bit/DAC_prg.o
 .debug_abbrev  0x00000000      0x127 ./src/HAL/DAC_8bit/DAC_prg.o
 .debug_loc     0x00000000      0x129 ./src/HAL/DAC_8bit/DAC_prg.o
 .debug_aranges
                0x00000000       0x28 ./src/HAL/DAC_8bit/DAC_prg.o
 .debug_ranges  0x00000000       0x18 ./src/HAL/DAC_8bit/DAC_prg.o
 .debug_line    0x00000000      0x151 ./src/HAL/DAC_8bit/DAC_prg.o
 .debug_str     0x00000000      0x28a ./src/HAL/DAC_8bit/DAC_prg.o
 .comment       0x00000000       0x7f ./src/HAL/DAC_8bit/DAC_prg.o
 .debug_frame   0x00000000       0x54 ./src/HAL/DAC_8bit/DAC_prg.o
 .ARM.attributes
                0x00000000       0x33 ./src/HAL/DAC_8bit/DAC_prg.o
 .text          0x00000000        0x0 ./src/HAL/Button/BTN_prg.o
 .data          0x00000000        0x0 ./src/HAL/Button/BTN_prg.o
 .bss           0x00000000        0x0 ./src/HAL/Button/BTN_prg.o
 .text.BTN_Init
                0x00000000       0x2e ./src/HAL/Button/BTN_prg.o
 .text.BTN_State
                0x00000000        0x8 ./src/HAL/Button/BTN_prg.o
 .debug_info    0x00000000      0x1a4 ./src/HAL/Button/BTN_prg.o
 .debug_abbrev  0x00000000       0xf7 ./src/HAL/Button/BTN_prg.o
 .debug_loc     0x00000000       0x42 ./src/HAL/Button/BTN_prg.o
 .debug_aranges
                0x00000000       0x28 ./src/HAL/Button/BTN_prg.o
 .debug_ranges  0x00000000       0x18 ./src/HAL/Button/BTN_prg.o
 .debug_line    0x00000000       0xde ./src/HAL/Button/BTN_prg.o
 .debug_str     0x00000000      0x223 ./src/HAL/Button/BTN_prg.o
 .comment       0x00000000       0x7f ./src/HAL/Button/BTN_prg.o
 .debug_frame   0x00000000       0x38 ./src/HAL/Button/BTN_prg.o
 .ARM.attributes
                0x00000000       0x33 ./src/HAL/Button/BTN_prg.o
 .text          0x00000000        0x0 ./src/APP/main.o
 .data          0x00000000        0x0 ./src/APP/main.o
 .bss           0x00000000        0x0 ./src/APP/main.o
 .text          0x00000000        0x0 ./src/APP/main_olddd.o
 .data          0x00000000        0x0 ./src/APP/main_olddd.o
 .bss           0x00000000        0x0 ./src/APP/main_olddd.o
 .data.Heart    0x00000000        0x8 ./src/APP/main_olddd.o
 .data.Letter_M
                0x00000000        0x8 ./src/APP/main_olddd.o
 .debug_info    0x00000000       0x99 ./src/APP/main_olddd.o
 .debug_abbrev  0x00000000       0x4b ./src/APP/main_olddd.o
 .debug_aranges
                0x00000000       0x18 ./src/APP/main_olddd.o
 .debug_line    0x00000000       0x59 ./src/APP/main_olddd.o
 .debug_str     0x00000000      0x1a8 ./src/APP/main_olddd.o
 .comment       0x00000000       0x7f ./src/APP/main_olddd.o
 .ARM.attributes
                0x00000000       0x33 ./src/APP/main_olddd.o
 .text          0x00000000        0x0 ./src/APP/old_mains.o
 .data          0x00000000        0x0 ./src/APP/old_mains.o
 .bss           0x00000000        0x0 ./src/APP/old_mains.o
 .debug_line    0x00000000        0x0 ./src/APP/old_mains.o
 .debug_str     0x00000000      0x12c ./src/APP/old_mains.o
 .comment       0x00000000       0x7f ./src/APP/old_mains.o
 .ARM.attributes
                0x00000000       0x33 ./src/APP/old_mains.o
 .text          0x00000000        0x0 ./src/_initialize_hardware.o
 .data          0x00000000        0x0 ./src/_initialize_hardware.o
 .bss           0x00000000        0x0 ./src/_initialize_hardware.o
 .text          0x00000000        0x0 ./src/stm32f4xx_hal_msp.o
 .data          0x00000000        0x0 ./src/stm32f4xx_hal_msp.o
 .bss           0x00000000        0x0 ./src/stm32f4xx_hal_msp.o
 .text.HAL_MspDeInit
                0x00000000        0x2 ./src/stm32f4xx_hal_msp.o
 .text.HAL_PPP_MspInit
                0x00000000        0x2 ./src/stm32f4xx_hal_msp.o
 .text.HAL_PPP_MspDeInit
                0x00000000        0x2 ./src/stm32f4xx_hal_msp.o
 .text          0x00000000      0x21c c:/users/koshok/desktop/arm tools/imt_sdk_win_64/imt_sdk_win_64/winarm/armgcc/bin/../lib/gcc/arm-none-eabi/7.2.1/thumb/v7e-m\libgcc.a(_arm_addsubsf3.o)
 .data          0x00000000        0x0 c:/users/koshok/desktop/arm tools/imt_sdk_win_64/imt_sdk_win_64/winarm/armgcc/bin/../lib/gcc/arm-none-eabi/7.2.1/thumb/v7e-m\libgcc.a(_arm_addsubsf3.o)
 .bss           0x00000000        0x0 c:/users/koshok/desktop/arm tools/imt_sdk_win_64/imt_sdk_win_64/winarm/armgcc/bin/../lib/gcc/arm-none-eabi/7.2.1/thumb/v7e-m\libgcc.a(_arm_addsubsf3.o)
 .debug_frame   0x00000000       0x4c c:/users/koshok/desktop/arm tools/imt_sdk_win_64/imt_sdk_win_64/winarm/armgcc/bin/../lib/gcc/arm-none-eabi/7.2.1/thumb/v7e-m\libgcc.a(_arm_addsubsf3.o)
 .ARM.attributes
                0x00000000       0x1e c:/users/koshok/desktop/arm tools/imt_sdk_win_64/imt_sdk_win_64/winarm/armgcc/bin/../lib/gcc/arm-none-eabi/7.2.1/thumb/v7e-m\libgcc.a(_arm_addsubsf3.o)
 .text          0x00000000      0x2a0 c:/users/koshok/desktop/arm tools/imt_sdk_win_64/imt_sdk_win_64/winarm/armgcc/bin/../lib/gcc/arm-none-eabi/7.2.1/thumb/v7e-m\libgcc.a(_arm_muldivsf3.o)
 .data          0x00000000        0x0 c:/users/koshok/desktop/arm tools/imt_sdk_win_64/imt_sdk_win_64/winarm/armgcc/bin/../lib/gcc/arm-none-eabi/7.2.1/thumb/v7e-m\libgcc.a(_arm_muldivsf3.o)
 .bss           0x00000000        0x0 c:/users/koshok/desktop/arm tools/imt_sdk_win_64/imt_sdk_win_64/winarm/armgcc/bin/../lib/gcc/arm-none-eabi/7.2.1/thumb/v7e-m\libgcc.a(_arm_muldivsf3.o)
 .debug_frame   0x00000000       0x38 c:/users/koshok/desktop/arm tools/imt_sdk_win_64/imt_sdk_win_64/winarm/armgcc/bin/../lib/gcc/arm-none-eabi/7.2.1/thumb/v7e-m\libgcc.a(_arm_muldivsf3.o)
 .ARM.attributes
                0x00000000       0x1e c:/users/koshok/desktop/arm tools/imt_sdk_win_64/imt_sdk_win_64/winarm/armgcc/bin/../lib/gcc/arm-none-eabi/7.2.1/thumb/v7e-m\libgcc.a(_arm_muldivsf3.o)
 .text          0x00000000       0x40 c:/users/koshok/desktop/arm tools/imt_sdk_win_64/imt_sdk_win_64/winarm/armgcc/bin/../lib/gcc/arm-none-eabi/7.2.1/thumb/v7e-m\libgcc.a(_arm_fixunssfsi.o)
 .data          0x00000000        0x0 c:/users/koshok/desktop/arm tools/imt_sdk_win_64/imt_sdk_win_64/winarm/armgcc/bin/../lib/gcc/arm-none-eabi/7.2.1/thumb/v7e-m\libgcc.a(_arm_fixunssfsi.o)
 .bss           0x00000000        0x0 c:/users/koshok/desktop/arm tools/imt_sdk_win_64/imt_sdk_win_64/winarm/armgcc/bin/../lib/gcc/arm-none-eabi/7.2.1/thumb/v7e-m\libgcc.a(_arm_fixunssfsi.o)
 .debug_frame   0x00000000       0x24 c:/users/koshok/desktop/arm tools/imt_sdk_win_64/imt_sdk_win_64/winarm/armgcc/bin/../lib/gcc/arm-none-eabi/7.2.1/thumb/v7e-m\libgcc.a(_arm_fixunssfsi.o)
 .ARM.attributes
                0x00000000       0x1e c:/users/koshok/desktop/arm tools/imt_sdk_win_64/imt_sdk_win_64/winarm/armgcc/bin/../lib/gcc/arm-none-eabi/7.2.1/thumb/v7e-m\libgcc.a(_arm_fixunssfsi.o)
 .text          0x00000000        0x0 c:/users/koshok/desktop/arm tools/imt_sdk_win_64/imt_sdk_win_64/winarm/armgcc/bin/../lib/gcc/arm-none-eabi/7.2.1/../../../../arm-none-eabi/lib/thumb/v7e-m\libg_nano.a(lib_a-errno.o)
 .data          0x00000000        0x0 c:/users/koshok/desktop/arm tools/imt_sdk_win_64/imt_sdk_win_64/winarm/armgcc/bin/../lib/gcc/arm-none-eabi/7.2.1/../../../../arm-none-eabi/lib/thumb/v7e-m\libg_nano.a(lib_a-errno.o)
 .bss           0x00000000        0x0 c:/users/koshok/desktop/arm tools/imt_sdk_win_64/imt_sdk_win_64/winarm/armgcc/bin/../lib/gcc/arm-none-eabi/7.2.1/../../../../arm-none-eabi/lib/thumb/v7e-m\libg_nano.a(lib_a-errno.o)
 .text.__errno  0x00000000        0xc c:/users/koshok/desktop/arm tools/imt_sdk_win_64/imt_sdk_win_64/winarm/armgcc/bin/../lib/gcc/arm-none-eabi/7.2.1/../../../../arm-none-eabi/lib/thumb/v7e-m\libg_nano.a(lib_a-errno.o)
 .debug_frame   0x00000000       0x20 c:/users/koshok/desktop/arm tools/imt_sdk_win_64/imt_sdk_win_64/winarm/armgcc/bin/../lib/gcc/arm-none-eabi/7.2.1/../../../../arm-none-eabi/lib/thumb/v7e-m\libg_nano.a(lib_a-errno.o)
 .ARM.attributes
                0x00000000       0x2e c:/users/koshok/desktop/arm tools/imt_sdk_win_64/imt_sdk_win_64/winarm/armgcc/bin/../lib/gcc/arm-none-eabi/7.2.1/../../../../arm-none-eabi/lib/thumb/v7e-m\libg_nano.a(lib_a-errno.o)
 .text          0x00000000        0x0 c:/users/koshok/desktop/arm tools/imt_sdk_win_64/imt_sdk_win_64/winarm/armgcc/bin/../lib/gcc/arm-none-eabi/7.2.1/../../../../arm-none-eabi/lib/thumb/v7e-m\libg_nano.a(lib_a-impure.o)
 .data          0x00000000        0x0 c:/users/koshok/desktop/arm tools/imt_sdk_win_64/imt_sdk_win_64/winarm/armgcc/bin/../lib/gcc/arm-none-eabi/7.2.1/../../../../arm-none-eabi/lib/thumb/v7e-m\libg_nano.a(lib_a-impure.o)
 .bss           0x00000000        0x0 c:/users/koshok/desktop/arm tools/imt_sdk_win_64/imt_sdk_win_64/winarm/armgcc/bin/../lib/gcc/arm-none-eabi/7.2.1/../../../../arm-none-eabi/lib/thumb/v7e-m\libg_nano.a(lib_a-impure.o)
 .data._impure_ptr
                0x00000000        0x4 c:/users/koshok/desktop/arm tools/imt_sdk_win_64/imt_sdk_win_64/winarm/armgcc/bin/../lib/gcc/arm-none-eabi/7.2.1/../../../../arm-none-eabi/lib/thumb/v7e-m\libg_nano.a(lib_a-impure.o)
 .data.impure_data
                0x00000000       0x60 c:/users/koshok/desktop/arm tools/imt_sdk_win_64/imt_sdk_win_64/winarm/armgcc/bin/../lib/gcc/arm-none-eabi/7.2.1/../../../../arm-none-eabi/lib/thumb/v7e-m\libg_nano.a(lib_a-impure.o)
 .rodata._global_impure_ptr
                0x00000000        0x4 c:/users/koshok/desktop/arm tools/imt_sdk_win_64/imt_sdk_win_64/winarm/armgcc/bin/../lib/gcc/arm-none-eabi/7.2.1/../../../../arm-none-eabi/lib/thumb/v7e-m\libg_nano.a(lib_a-impure.o)
 .ARM.attributes
                0x00000000       0x2e c:/users/koshok/desktop/arm tools/imt_sdk_win_64/imt_sdk_win_64/winarm/armgcc/bin/../lib/gcc/arm-none-eabi/7.2.1/../../../../arm-none-eabi/lib/thumb/v7e-m\libg_nano.a(lib_a-impure.o)

Memory Configuration

Name             Origin             Length             Attributes
RAM              0x20000000         0x00010000         xrw
CCMRAM           0x10000000         0x00000000         xrw
FLASH            0x08000000         0x00040000         xr
FLASHB1          0x00000000         0x00000000         xr
EXTMEMB0         0x00000000         0x00000000         xr
EXTMEMB1         0x00000000         0x00000000         xr
EXTMEMB2         0x00000000         0x00000000         xr
EXTMEMB3         0x00000000         0x00000000         xr
*default*        0x00000000         0xffffffff

Linker script and memory map

LOAD ./system/src/stm32f4-hal/stm32f4xx_hal.o
LOAD ./system/src/stm32f4-hal/stm32f4xx_hal_cortex.o
LOAD ./system/src/stm32f4-hal/stm32f4xx_hal_dfsdm.o
LOAD ./system/src/stm32f4-hal/stm32f4xx_hal_flash.o
LOAD ./system/src/stm32f4-hal/stm32f4xx_hal_gpio.o
LOAD ./system/src/stm32f4-hal/stm32f4xx_hal_iwdg.o
LOAD ./system/src/stm32f4-hal/stm32f4xx_hal_pwr.o
LOAD ./system/src/stm32f4-hal/stm32f4xx_hal_rcc.o
LOAD ./system/src/newlib/_cxx.o
LOAD ./system/src/newlib/_exit.o
LOAD ./system/src/newlib/_sbrk.o
LOAD ./system/src/newlib/_startup.o
LOAD ./system/src/newlib/_syscalls.o
LOAD ./system/src/newlib/assert.o
LOAD ./system/src/diag/Trace.o
LOAD ./system/src/diag/trace_impl.o
LOAD ./system/src/cortexm/_initialize_hardware.o
LOAD ./system/src/cortexm/_reset_hardware.o
LOAD ./system/src/cortexm/exception_handlers.o
LOAD ./system/src/cmsis/system_stm32f4xx.o
LOAD ./system/src/cmsis/vectors_stm32f401xc.o
LOAD ./src/RTOS/scheduler/Scheduler_prg.o
LOAD ./src/MCAL/UART/UART_prg.o
LOAD ./src/MCAL/SYSTICK/SYSTICK_prg.o
LOAD ./src/MCAL/SYSCFG/SYSCFG_prg.o
LOAD ./src/MCAL/SPI/SPI_prg.o
LOAD ./src/MCAL/RCC/RCC_prg.o
LOAD ./src/MCAL/NVIC/NVIC_prg.o
LOAD ./src/MCAL/GPIO/GPIO_prg.o
LOAD ./src/MCAL/EXTI/EXTI_prg.o
LOAD ./src/LIB/Delay/Delay_prg.o
LOAD ./src/HAL/Seven_Segment/Seven_Segment_prg.o
LOAD ./src/HAL/S2P/S2P_prg.o
LOAD ./src/HAL/RGB_LED/RGB_prg.o
LOAD ./src/HAL/LEDMATRIX/LEDMATRIX_prg.o
LOAD ./src/HAL/IR/IR_prg.o
LOAD ./src/HAL/DAC_8bit/DAC_prg.o
LOAD ./src/HAL/Button/BTN_prg.o
LOAD ./src/APP/main.o
LOAD ./src/APP/main_olddd.o
LOAD ./src/APP/old_mains.o
LOAD ./src/_initialize_hardware.o
LOAD ./src/stm32f4xx_hal_msp.o
LOAD c:/users/koshok/desktop/arm tools/imt_sdk_win_64/imt_sdk_win_64/winarm/armgcc/bin/../lib/gcc/arm-none-eabi/7.2.1/../../../../arm-none-eabi/lib/thumb/v7e-m\libstdc++_nano.a
LOAD c:/users/koshok/desktop/arm tools/imt_sdk_win_64/imt_sdk_win_64/winarm/armgcc/bin/../lib/gcc/arm-none-eabi/7.2.1/../../../../arm-none-eabi/lib/thumb/v7e-m\libm.a
START GROUP
LOAD c:/users/koshok/desktop/arm tools/imt_sdk_win_64/imt_sdk_win_64/winarm/armgcc/bin/../lib/gcc/arm-none-eabi/7.2.1/thumb/v7e-m\libgcc.a
LOAD c:/users/koshok/desktop/arm tools/imt_sdk_win_64/imt_sdk_win_64/winarm/armgcc/bin/../lib/gcc/arm-none-eabi/7.2.1/../../../../arm-none-eabi/lib/thumb/v7e-m\libg_nano.a
LOAD c:/users/koshok/desktop/arm tools/imt_sdk_win_64/imt_sdk_win_64/winarm/armgcc/bin/../lib/gcc/arm-none-eabi/7.2.1/../../../../arm-none-eabi/lib/thumb/v7e-m\libc_nano.a
END GROUP
START GROUP
LOAD c:/users/koshok/desktop/arm tools/imt_sdk_win_64/imt_sdk_win_64/winarm/armgcc/bin/../lib/gcc/arm-none-eabi/7.2.1/thumb/v7e-m\libgcc.a
LOAD c:/users/koshok/desktop/arm tools/imt_sdk_win_64/imt_sdk_win_64/winarm/armgcc/bin/../lib/gcc/arm-none-eabi/7.2.1/../../../../arm-none-eabi/lib/thumb/v7e-m\libc_nano.a
END GROUP
                0x20010000                __stack = (ORIGIN (RAM) + LENGTH (RAM))
                0x20010000                _estack = __stack
                0x00000400                __Main_Stack_Size = 0x400
                [!provide]                PROVIDE (_Main_Stack_Size, __Main_Stack_Size)
                0x2000fc00                __Main_Stack_Limit = (__stack - __Main_Stack_Size)
                [!provide]                PROVIDE (_Main_Stack_Limit, __Main_Stack_Limit)
                0x00000100                _Minimum_Stack_Size = 0x100
                0x20000058                PROVIDE (_Heap_Begin, _end_noinit)
                0x2000fc00                PROVIDE (_Heap_Limit, (__stack - __Main_Stack_Size))

.isr_vector     0x08000000      0x2c6
 FILL mask 0xff
                0x08000000                __vectors_start = ABSOLUTE (.)
                0x08000000                __vectors_start__ = ABSOLUTE (.)
 *(.isr_vector)
 .isr_vector    0x08000000      0x194 ./system/src/cmsis/vectors_stm32f401xc.o
                0x08000000                __isr_vectors
 *(.cfmconfig)
 *(.after_vectors .after_vectors.*)
 .after_vectors
                0x08000194       0xcc ./system/src/newlib/_startup.o
                0x08000194                _start
 .after_vectors
                0x08000260       0x64 ./system/src/cortexm/exception_handlers.o
                0x08000260                Reset_Handler
                0x08000264                NMI_Handler
                0x08000266                HardFault_Handler
                0x0800027a                HardFault_Handler_C
                0x0800027c                MemManage_Handler
                0x0800027e                BusFault_Handler
                0x08000292                BusFault_Handler_C
                0x08000294                UsageFault_Handler
                0x080002a8                UsageFault_Handler_C
                0x080002aa                SVC_Handler
                0x080002ac                DebugMon_Handler
                0x080002ae                PendSV_Handler
 .after_vectors
                0x080002c4        0x2 ./system/src/cmsis/vectors_stm32f401xc.o
                0x080002c4                RTC_Alarm_IRQHandler
                0x080002c4                EXTI2_IRQHandler
                0x080002c4                SPI4_IRQHandler
                0x080002c4                TIM1_CC_IRQHandler
                0x080002c4                DMA2_Stream5_IRQHandler
                0x080002c4                DMA1_Stream5_IRQHandler
                0x080002c4                PVD_IRQHandler
                0x080002c4                SDIO_IRQHandler
                0x080002c4                TAMP_STAMP_IRQHandler
                0x080002c4                EXTI3_IRQHandler
                0x080002c4                TIM1_UP_TIM10_IRQHandler
                0x080002c4                I2C3_ER_IRQHandler
                0x080002c4                I2C2_EV_IRQHandler
                0x080002c4                DMA1_Stream2_IRQHandler
                0x080002c4                FPU_IRQHandler
                0x080002c4                DMA2_Stream2_IRQHandler
                0x080002c4                SPI1_IRQHandler
                0x080002c4                TIM1_BRK_TIM9_IRQHandler
                0x080002c4                DMA2_Stream3_IRQHandler
                0x080002c4                USART6_IRQHandler
                0x080002c4                DMA2_Stream0_IRQHandler
                0x080002c4                TIM4_IRQHandler
                0x080002c4                I2C1_EV_IRQHandler
                0x080002c4                DMA1_Stream6_IRQHandler
                0x080002c4                DMA1_Stream1_IRQHandler
                0x080002c4                TIM3_IRQHandler
                0x080002c4                RCC_IRQHandler
                0x080002c4                Default_Handler
                0x080002c4                EXTI15_10_IRQHandler
                0x080002c4                ADC_IRQHandler
                0x080002c4                DMA1_Stream7_IRQHandler
                0x080002c4                TIM5_IRQHandler
                0x080002c4                DMA2_Stream7_IRQHandler
                0x080002c4                I2C3_EV_IRQHandler
                0x080002c4                EXTI9_5_IRQHandler
                0x080002c4                RTC_WKUP_IRQHandler
                0x080002c4                SPI2_IRQHandler
                0x080002c4                DMA1_Stream0_IRQHandler
                0x080002c4                EXTI4_IRQHandler
                0x080002c4                WWDG_IRQHandler
                0x080002c4                TIM2_IRQHandler
                0x080002c4                OTG_FS_WKUP_IRQHandler
                0x080002c4                TIM1_TRG_COM_TIM11_IRQHandler
                0x080002c4                USART2_IRQHandler
                0x080002c4                I2C2_ER_IRQHandler
                0x080002c4                DMA2_Stream1_IRQHandler
                0x080002c4                FLASH_IRQHandler
                0x080002c4                DMA2_Stream4_IRQHandler
                0x080002c4                USART1_IRQHandler
                0x080002c4                OTG_FS_IRQHandler
                0x080002c4                SPI3_IRQHandler
                0x080002c4                DMA1_Stream4_IRQHandler
                0x080002c4                I2C1_ER_IRQHandler
                0x080002c4                DMA2_Stream6_IRQHandler
                0x080002c4                DMA1_Stream3_IRQHandler

.inits          0x080002c8       0x28
                0x080002c8                __data_regions_array_start = .
                0x080002c8        0x4 LONG 0x80011cc LOADADDR (.data)
                0x080002cc        0x4 LONG 0x20000000 ADDR (.data)
                0x080002d0        0x4 LONG 0x2000000c (ADDR (.data) + SIZEOF (.data))
                0x080002d4        0x4 LONG 0x80011cc LOADADDR (.data_CCMRAM)
                0x080002d8        0x4 LONG 0x10000000 ADDR (.data_CCMRAM)
                0x080002dc        0x4 LONG 0x10000000 (ADDR (.data_CCMRAM) + SIZEOF (.data_CCMRAM))
                0x080002e0                __data_regions_array_end = .
                0x080002e0                __bss_regions_array_start = .
                0x080002e0        0x4 LONG 0x2000000c ADDR (.bss)
                0x080002e4        0x4 LONG 0x20000058 (ADDR (.bss) + SIZEOF (.bss))
                0x080002e8        0x4 LONG 0x10000000 ADDR (.bss_CCMRAM)
                0x080002ec        0x4 LONG 0x10000000 (ADDR (.bss_CCMRAM) + SIZEOF (.bss_CCMRAM))
                0x080002f0                __bss_regions_array_end = .
 *(.init)
 *(.fini)
                0x080002f0                . = ALIGN (0x4)
                0x080002f0                PROVIDE (__preinit_array_start, .)
 *(.preinit_array_sysinit .preinit_array_sysinit.*)
 *(.preinit_array_platform .preinit_array_platform.*)
 *(.preinit_array .preinit_array.*)
                0x080002f0                PROVIDE (__preinit_array_end, .)
                0x080002f0                . = ALIGN (0x4)
                0x080002f0                PROVIDE (__init_array_start, .)
 *(SORT_BY_NAME(.init_array.*))
 *(.init_array)
                0x080002f0                PROVIDE (__init_array_end, .)
                0x080002f0                . = ALIGN (0x4)
                0x080002f0                PROVIDE (__fini_array_start, .)
 *(SORT_BY_NAME(.fini_array.*))
 *(.fini_array)
                0x080002f0                PROVIDE (__fini_array_end, .)

.flashtext
 *(.flashtext .flashtext.*)

.text           0x080002f0      0xedc
 *(.text .text.*)
 .text.HAL_InitTick
                0x080002f0       0x28 ./system/src/stm32f4-hal/stm32f4xx_hal.o
                0x080002f0                HAL_InitTick
 .text.HAL_Init
                0x08000318       0x34 ./system/src/stm32f4-hal/stm32f4xx_hal.o
                0x08000318                HAL_Init
 .text.HAL_GetTick
                0x0800034c        0xc ./system/src/stm32f4-hal/stm32f4xx_hal.o
                0x0800034c                HAL_GetTick
 .text.HAL_NVIC_SetPriorityGrouping
                0x08000358       0x24 ./system/src/stm32f4-hal/stm32f4xx_hal_cortex.o
                0x08000358                HAL_NVIC_SetPriorityGrouping
 .text.HAL_NVIC_SetPriority
                0x0800037c       0x68 ./system/src/stm32f4-hal/stm32f4xx_hal_cortex.o
                0x0800037c                HAL_NVIC_SetPriority
 .text.HAL_SYSTICK_Config
                0x080003e4       0x2c ./system/src/stm32f4-hal/stm32f4xx_hal_cortex.o
                0x080003e4                HAL_SYSTICK_Config
 .text.HAL_SYSTICK_CLKSourceConfig
                0x08000410       0x18 ./system/src/stm32f4-hal/stm32f4xx_hal_cortex.o
                0x08000410                HAL_SYSTICK_CLKSourceConfig
 .text.HAL_RCC_OscConfig
                0x08000428      0x2d8 ./system/src/stm32f4-hal/stm32f4xx_hal_rcc.o
                0x08000428                HAL_RCC_OscConfig
 .text.HAL_RCC_GetSysClockFreq
                0x08000700       0x74 ./system/src/stm32f4-hal/stm32f4xx_hal_rcc.o
                0x08000700                HAL_RCC_GetSysClockFreq
 .text.HAL_RCC_ClockConfig
                0x08000774      0x168 ./system/src/stm32f4-hal/stm32f4xx_hal_rcc.o
                0x08000774                HAL_RCC_ClockConfig
 .text.HAL_RCC_GetHCLKFreq
                0x080008dc        0xc ./system/src/stm32f4-hal/stm32f4xx_hal_rcc.o
                0x080008dc                HAL_RCC_GetHCLKFreq
 .text._exit    0x080008e8        0x6 ./system/src/newlib/_exit.o
                0x080008e8                _exit
 *fill*         0x080008ee        0x2 
 .text.__initialize_args
                0x080008f0       0x10 ./system/src/newlib/_syscalls.o
                0x080008f0                __initialize_args
 .text.__initialize_hardware_early
                0x08000900       0x18 ./system/src/cortexm/_initialize_hardware.o
                0x08000900                __initialize_hardware_early
 .text.__reset_hardware
                0x08000918       0x24 ./system/src/cortexm/_reset_hardware.o
                0x08000918                __reset_hardware
 .text.SystemInit
                0x0800093c       0x40 ./system/src/cmsis/system_stm32f4xx.o
                0x0800093c                SystemInit
 .text.SystemCoreClockUpdate
                0x0800097c       0x74 ./system/src/cmsis/system_stm32f4xx.o
                0x0800097c                SystemCoreClockUpdate
 .text.MSYSTICK_vStopTimer
                0x080009f0       0x10 ./src/MCAL/SYSTICK/SYSTICK_prg.o
                0x080009f0                MSYSTICK_vStopTimer
 .text.SysTick_Handler
                0x08000a00       0x24 ./src/MCAL/SYSTICK/SYSTICK_prg.o
                0x08000a00                SysTick_Handler
 .text.MSPI_vInit
                0x08000a24       0x44 ./src/MCAL/SPI/SPI_prg.o
                0x08000a24                MSPI_vInit
 .text.MSPI_u8Transceive
                0x08000a68       0x44 ./src/MCAL/SPI/SPI_prg.o
                0x08000a68                MSPI_u8Transceive
 .text.MRCC_vInit
                0x08000aac       0x30 ./src/MCAL/RCC/RCC_prg.o
                0x08000aac                MRCC_vInit
 .text.MRCC_vEnableClk
                0x08000adc      0x1e0 ./src/MCAL/RCC/RCC_prg.o
                0x08000adc                MRCC_vEnableClk
 .text.MGPIO_vSetPinMode
                0x08000cbc       0x80 ./src/MCAL/GPIO/GPIO_prg.o
                0x08000cbc                MGPIO_vSetPinMode
 .text.MGPIO_vSetPinOutputType
                0x08000d3c       0x74 ./src/MCAL/GPIO/GPIO_prg.o
                0x08000d3c                MGPIO_vSetPinOutputType
 .text.MGPIO_vSetPinOutputSpeed
                0x08000db0       0x80 ./src/MCAL/GPIO/GPIO_prg.o
                0x08000db0                MGPIO_vSetPinOutputSpeed
 .text.MGPIO_vSetPinPull
                0x08000e30       0x80 ./src/MCAL/GPIO/GPIO_prg.o
                0x08000e30                MGPIO_vSetPinPull
 .text.MGPIO_vSetPinValue
                0x08000eb0       0x7c ./src/MCAL/GPIO/GPIO_prg.o
                0x08000eb0                MGPIO_vSetPinValue
 .text.MGPIO_vSetAlt
                0x08000f2c       0xac ./src/MCAL/GPIO/GPIO_prg.o
                0x08000f2c                MGPIO_vSetAlt
 .text.MGPIO_vPinInit
                0x08000fd8       0x42 ./src/MCAL/GPIO/GPIO_prg.o
                0x08000fd8                MGPIO_vPinInit
 *fill*         0x0800101a        0x2 
 .text.EXTI0_IRQHandler
                0x0800101c       0x20 ./src/MCAL/EXTI/EXTI_prg.o
                0x0800101c                EXTI0_IRQHandler
 .text.EXTI1_IRQHandler
                0x0800103c       0x20 ./src/MCAL/EXTI/EXTI_prg.o
                0x0800103c                EXTI1_IRQHandler
 .text.startup.main
                0x0800105c       0xa6 ./src/APP/main.o
                0x0800105c                main
 *fill*         0x08001102        0x2 
 .text.SystemClock_Config
                0x08001104       0x94 ./src/_initialize_hardware.o
                0x08001104                SystemClock_Config
 .text.__initialize_hardware
                0x08001198       0x12 ./src/_initialize_hardware.o
                0x08001198                __initialize_hardware
 .text.HAL_MspInit
                0x080011aa        0x2 ./src/stm32f4xx_hal_msp.o
                0x080011aa                HAL_MspInit
 *(.rodata .rodata.* .constdata .constdata.*)
 .rodata.APBAHBPrescTable
                0x080011ac       0x10 ./system/src/stm32f4-hal/stm32f4xx_hal_rcc.o
                0x080011ac                APBAHBPrescTable
 .rodata.AHBPrescTable
                0x080011bc       0x10 ./system/src/cmsis/system_stm32f4xx.o
                0x080011bc                AHBPrescTable
 *(vtable)
 *(.eh_frame*)
 *(.glue_7)
 .glue_7        0x080011cc        0x0 linker stubs
 *(.glue_7t)
 .glue_7t       0x080011cc        0x0 linker stubs

.vfp11_veneer   0x080011cc        0x0
 .vfp11_veneer  0x080011cc        0x0 linker stubs

.v4_bx          0x080011cc        0x0
 .v4_bx         0x080011cc        0x0 linker stubs

.iplt           0x080011cc        0x0
 .iplt          0x080011cc        0x0 ./system/src/stm32f4-hal/stm32f4xx_hal.o

.rel.dyn        0x080011cc        0x0
 .rel.iplt      0x080011cc        0x0 ./system/src/stm32f4-hal/stm32f4xx_hal.o

.ARM.extab
 *(.ARM.extab* .gnu.linkonce.armextab.*)
                0x080011cc                . = ALIGN (0x4)
                0x080011cc                __exidx_start = .

.ARM.exidx
 *(.ARM.exidx* .gnu.linkonce.armexidx.*)
                0x080011cc                __exidx_end = .
                0x080011cc                . = ALIGN (0x4)
                0x080011cc                _etext = .
                0x080011cc                __etext = .

.data_CCMRAM    0x10000000        0x0 load address 0x080011cc
 FILL mask 0xff
 *(.data.CCMRAM .data.CCMRAM.*)
                0x10000000                . = ALIGN (0x4)
                0x080011cc                _sidata = LOADADDR (.data)

.data           0x20000000        0xc load address 0x080011cc
 FILL mask 0xff
                0x20000000                _sdata = .
                0x20000000                __data_start__ = .
 *(.data_begin .data_begin.*)
 *(.data .data.*)
 .data.argv.4310
                0x20000000        0x8 ./system/src/newlib/_syscalls.o
 .data.SystemCoreClock
                0x20000008        0x4 ./system/src/cmsis/system_stm32f4xx.o
                0x20000008                SystemCoreClock
 *(.data_end .data_end.*)
                0x2000000c                . = ALIGN (0x4)
                0x2000000c                _edata = .
                0x2000000c                __data_end__ = .

.igot.plt       0x2000000c        0x0 load address 0x080011d8
 .igot.plt      0x2000000c        0x0 ./system/src/stm32f4-hal/stm32f4xx_hal.o

.bss_CCMRAM     0x10000000        0x0
 *(.bss.CCMRAM .bss.CCMRAM.*)

.bss            0x2000000c       0x4c
                0x2000000c                __bss_start__ = .
                0x2000000c                _sbss = .
 *(.bss_begin .bss_begin.*)
 *(.bss .bss.*)
 .bss.name.4309
                0x2000000c        0x1 ./system/src/newlib/_syscalls.o
 .bss.G_u8SingleFlag
                0x2000000d        0x1 ./src/MCAL/SYSTICK/SYSTICK_prg.o
 *fill*         0x2000000e        0x2 
 .bss.G_xFptr   0x20000010        0x4 ./src/MCAL/SYSTICK/SYSTICK_prg.o
 .bss.G_Fptr    0x20000014       0x40 ./src/MCAL/EXTI/EXTI_prg.o
 *(COMMON)
 COMMON         0x20000054        0x4 ./system/src/stm32f4-hal/stm32f4xx_hal.o
                0x20000054                uwTick
 *(.bss_end .bss_end.*)
                0x20000058                . = ALIGN (0x4)
                0x20000058                __bss_end__ = .
                0x20000058                _ebss = .

.noinit_CCMRAM
 *(.noinit.CCMRAM .noinit.CCMRAM.*)

.noinit         0x20000058        0x0
                0x20000058                _noinit = .
 *(.noinit .noinit.*)
                0x20000058                . = ALIGN (0x4)
                0x20000058                _end_noinit = .
                [!provide]                PROVIDE (end, _end_noinit)
                [!provide]                PROVIDE (_end, _end_noinit)
                [!provide]                PROVIDE (__end, _end_noinit)
                [!provide]                PROVIDE (__end__, _end_noinit)

._check_stack   0x20000058      0x100
                0x20000158                . = (. + _Minimum_Stack_Size)
 *fill*         0x20000058      0x100 

.b1text
 *(.b1text)
 *(.b1rodata)
 *(.b1rodata.*)

.eb0text
 *(.eb0text)
 *(.eb0rodata)
 *(.eb0rodata.*)

.eb1text
 *(.eb1text)
 *(.eb1rodata)
 *(.eb1rodata.*)

.eb2text
 *(.eb2text)
 *(.eb2rodata)
 *(.eb2rodata.*)

.eb3text
 *(.eb3text)
 *(.eb3rodata)
 *(.eb3rodata.*)

.stab
 *(.stab)

.stabstr
 *(.stabstr)

.stab.excl
 *(.stab.excl)

.stab.exclstr
 *(.stab.exclstr)

.stab.index
 *(.stab.index)

.stab.indexstr
 *(.stab.indexstr)

.comment        0x00000000       0x7e
 *(.comment)
 .comment       0x00000000       0x7e ./system/src/stm32f4-hal/stm32f4xx_hal.o
                                 0x7f (size before relaxing)
 .comment       0x0000007e       0x7f ./system/src/stm32f4-hal/stm32f4xx_hal_cortex.o
 .comment       0x0000007e       0x7f ./system/src/stm32f4-hal/stm32f4xx_hal_rcc.o
 .comment       0x0000007e       0x7f ./system/src/newlib/_exit.o
 .comment       0x0000007e       0x7f ./system/src/newlib/_startup.o
 .comment       0x0000007e       0x7f ./system/src/newlib/_syscalls.o
 .comment       0x0000007e       0x7f ./system/src/cortexm/_initialize_hardware.o
 .comment       0x0000007e       0x7f ./system/src/cortexm/_reset_hardware.o
 .comment       0x0000007e       0x7f ./system/src/cortexm/exception_handlers.o
 .comment       0x0000007e       0x7f ./system/src/cmsis/system_stm32f4xx.o
 .comment       0x0000007e       0x7f ./system/src/cmsis/vectors_stm32f401xc.o
 .comment       0x0000007e       0x7f ./src/MCAL/SYSTICK/SYSTICK_prg.o
 .comment       0x0000007e       0x7f ./src/MCAL/SPI/SPI_prg.o
 .comment       0x0000007e       0x7f ./src/MCAL/RCC/RCC_prg.o
 .comment       0x0000007e       0x7f ./src/MCAL/GPIO/GPIO_prg.o
 .comment       0x0000007e       0x7f ./src/MCAL/EXTI/EXTI_prg.o
 .comment       0x0000007e       0x7f ./src/APP/main.o
 .comment       0x0000007e       0x7f ./src/_initialize_hardware.o
 .comment       0x0000007e       0x7f ./src/stm32f4xx_hal_msp.o

.ARM.attributes
                0x00000000       0x33
 .ARM.attributes
                0x00000000       0x33 ./system/src/stm32f4-hal/stm32f4xx_hal.o
 .ARM.attributes
                0x00000033       0x33 ./system/src/stm32f4-hal/stm32f4xx_hal_cortex.o
 .ARM.attributes
                0x00000066       0x33 ./system/src/stm32f4-hal/stm32f4xx_hal_rcc.o
 .ARM.attributes
                0x00000099       0x33 ./system/src/newlib/_exit.o
 .ARM.attributes
                0x000000cc       0x33 ./system/src/newlib/_startup.o
 .ARM.attributes
                0x000000ff       0x33 ./system/src/newlib/_syscalls.o
 .ARM.attributes
                0x00000132       0x33 ./system/src/cortexm/_initialize_hardware.o
 .ARM.attributes
                0x00000165       0x33 ./system/src/cortexm/_reset_hardware.o
 .ARM.attributes
                0x00000198       0x33 ./system/src/cortexm/exception_handlers.o
 .ARM.attributes
                0x000001cb       0x33 ./system/src/cmsis/system_stm32f4xx.o
 .ARM.attributes
                0x000001fe       0x33 ./system/src/cmsis/vectors_stm32f401xc.o
 .ARM.attributes
                0x00000231       0x33 ./src/MCAL/SYSTICK/SYSTICK_prg.o
 .ARM.attributes
                0x00000264       0x33 ./src/MCAL/SPI/SPI_prg.o
 .ARM.attributes
                0x00000297       0x33 ./src/MCAL/RCC/RCC_prg.o
 .ARM.attributes
                0x000002ca       0x33 ./src/MCAL/GPIO/GPIO_prg.o
 .ARM.attributes
                0x000002fd       0x33 ./src/MCAL/EXTI/EXTI_prg.o
 .ARM.attributes
                0x00000330       0x33 ./src/APP/main.o
 .ARM.attributes
                0x00000363       0x33 ./src/_initialize_hardware.o
 .ARM.attributes
                0x00000396       0x33 ./src/stm32f4xx_hal_msp.o

.debug
 *(.debug)

.line
 *(.line)

.debug_srcinfo
 *(.debug_srcinfo)

.debug_sfnames
 *(.debug_sfnames)

.debug_aranges  0x00000000      0x5a0
 *(.debug_aranges)
 .debug_aranges
                0x00000000       0xb8 ./system/src/stm32f4-hal/stm32f4xx_hal.o
 .debug_aranges
                0x000000b8       0x98 ./system/src/stm32f4-hal/stm32f4xx_hal_cortex.o
 .debug_aranges
                0x00000150       0x80 ./system/src/stm32f4-hal/stm32f4xx_hal_rcc.o
 .debug_aranges
                0x000001d0       0x28 ./system/src/newlib/_exit.o
 .debug_aranges
                0x000001f8       0x40 ./system/src/newlib/_startup.o
 .debug_aranges
                0x00000238       0x30 ./system/src/newlib/_syscalls.o
 .debug_aranges
                0x00000268       0x28 ./system/src/cortexm/_initialize_hardware.o
 .debug_aranges
                0x00000290       0x20 ./system/src/cortexm/_reset_hardware.o
 .debug_aranges
                0x000002b0       0x80 ./system/src/cortexm/exception_handlers.o
 .debug_aranges
                0x00000330       0x28 ./system/src/cmsis/system_stm32f4xx.o
 .debug_aranges
                0x00000358       0x20 ./system/src/cmsis/vectors_stm32f401xc.o
 .debug_aranges
                0x00000378       0x70 ./src/MCAL/SYSTICK/SYSTICK_prg.o
 .debug_aranges
                0x000003e8       0x50 ./src/MCAL/SPI/SPI_prg.o
 .debug_aranges
                0x00000438       0x30 ./src/MCAL/RCC/RCC_prg.o
 .debug_aranges
                0x00000468       0x68 ./src/MCAL/GPIO/GPIO_prg.o
 .debug_aranges
                0x000004d0       0x68 ./src/MCAL/EXTI/EXTI_prg.o
 .debug_aranges
                0x00000538       0x20 ./src/APP/main.o
 .debug_aranges
                0x00000558       0x28 ./src/_initialize_hardware.o
 .debug_aranges
                0x00000580       0x20 ./src/stm32f4xx_hal_msp.o

.debug_pubnames
 *(.debug_pubnames)

.debug_info     0x00000000     0xae93
 *(.debug_info .gnu.linkonce.wi.*)
 .debug_info    0x00000000     0x1076 ./system/src/stm32f4-hal/stm32f4xx_hal.o
 .debug_info    0x00001076     0x15d1 ./system/src/stm32f4-hal/stm32f4xx_hal_cortex.o
 .debug_info    0x00002647     0x14a7 ./system/src/stm32f4-hal/stm32f4xx_hal_rcc.o
 .debug_info    0x00003aee      0x960 ./system/src/newlib/_exit.o
 .debug_info    0x0000444e      0x457 ./system/src/newlib/_startup.o
 .debug_info    0x000048a5      0xa15 ./system/src/newlib/_syscalls.o
 .debug_info    0x000052ba      0xada ./system/src/cortexm/_initialize_hardware.o
 .debug_info    0x00005d94      0xaec ./system/src/cortexm/_reset_hardware.o
 .debug_info    0x00006880      0xae5 ./system/src/cortexm/exception_handlers.o
 .debug_info    0x00007365      0xcfa ./system/src/cmsis/system_stm32f4xx.o
 .debug_info    0x0000805f       0xc6 ./system/src/cmsis/vectors_stm32f401xc.o
 .debug_info    0x00008125      0x364 ./src/MCAL/SYSTICK/SYSTICK_prg.o
 .debug_info    0x00008489      0x51c ./src/MCAL/SPI/SPI_prg.o
 .debug_info    0x000089a5      0x25e ./src/MCAL/RCC/RCC_prg.o
 .debug_info    0x00008c03      0x60c ./src/MCAL/GPIO/GPIO_prg.o
 .debug_info    0x0000920f      0x28a ./src/MCAL/EXTI/EXTI_prg.o
 .debug_info    0x00009499      0x3d7 ./src/APP/main.o
 .debug_info    0x00009870      0xd30 ./src/_initialize_hardware.o
 .debug_info    0x0000a5a0      0x8f3 ./src/stm32f4xx_hal_msp.o

.debug_abbrev   0x00000000     0x2512
 *(.debug_abbrev)
 .debug_abbrev  0x00000000      0x340 ./system/src/stm32f4-hal/stm32f4xx_hal.o
 .debug_abbrev  0x00000340      0x3d3 ./system/src/stm32f4-hal/stm32f4xx_hal_cortex.o
 .debug_abbrev  0x00000713      0x3ef ./system/src/stm32f4-hal/stm32f4xx_hal_rcc.o
 .debug_abbrev  0x00000b02      0x210 ./system/src/newlib/_exit.o
 .debug_abbrev  0x00000d12      0x1bf ./system/src/newlib/_startup.o
 .debug_abbrev  0x00000ed1      0x231 ./system/src/newlib/_syscalls.o
 .debug_abbrev  0x00001102      0x1e9 ./system/src/cortexm/_initialize_hardware.o
 .debug_abbrev  0x000012eb      0x201 ./system/src/cortexm/_reset_hardware.o
 .debug_abbrev  0x000014ec      0x1fe ./system/src/cortexm/exception_handlers.o
 .debug_abbrev  0x000016ea      0x213 ./system/src/cmsis/system_stm32f4xx.o
 .debug_abbrev  0x000018fd       0x9a ./system/src/cmsis/vectors_stm32f401xc.o
 .debug_abbrev  0x00001997      0x1b1 ./src/MCAL/SYSTICK/SYSTICK_prg.o
 .debug_abbrev  0x00001b48      0x172 ./src/MCAL/SPI/SPI_prg.o
 .debug_abbrev  0x00001cba       0xb7 ./src/MCAL/RCC/RCC_prg.o
 .debug_abbrev  0x00001d71      0x1ac ./src/MCAL/GPIO/GPIO_prg.o
 .debug_abbrev  0x00001f1d       0xe5 ./src/MCAL/EXTI/EXTI_prg.o
 .debug_abbrev  0x00002002      0x112 ./src/APP/main.o
 .debug_abbrev  0x00002114      0x238 ./src/_initialize_hardware.o
 .debug_abbrev  0x0000234c      0x1c6 ./src/stm32f4xx_hal_msp.o

.debug_line     0x00000000     0x2728
 *(.debug_line)
 .debug_line    0x00000000      0x3af ./system/src/stm32f4-hal/stm32f4xx_hal.o
 .debug_line    0x000003af      0x42c ./system/src/stm32f4-hal/stm32f4xx_hal_cortex.o
 .debug_line    0x000007db      0x599 ./system/src/stm32f4-hal/stm32f4xx_hal_rcc.o
 .debug_line    0x00000d74      0x203 ./system/src/newlib/_exit.o
 .debug_line    0x00000f77      0x131 ./system/src/newlib/_startup.o
 .debug_line    0x000010a8      0x21c ./system/src/newlib/_syscalls.o
 .debug_line    0x000012c4      0x1c5 ./system/src/cortexm/_initialize_hardware.o
 .debug_line    0x00001489      0x1d1 ./system/src/cortexm/_reset_hardware.o
 .debug_line    0x0000165a      0x217 ./system/src/cortexm/exception_handlers.o
 .debug_line    0x00001871      0x1f1 ./system/src/cmsis/system_stm32f4xx.o
 .debug_line    0x00001a62       0x5a ./system/src/cmsis/vectors_stm32f401xc.o
 .debug_line    0x00001abc      0x188 ./src/MCAL/SYSTICK/SYSTICK_prg.o
 .debug_line    0x00001c44      0x121 ./src/MCAL/SPI/SPI_prg.o
 .debug_line    0x00001d65      0x114 ./src/MCAL/RCC/RCC_prg.o
 .debug_line    0x00001e79      0x247 ./src/MCAL/GPIO/GPIO_prg.o
 .debug_line    0x000020c0      0x15e ./src/MCAL/EXTI/EXTI_prg.o
 .debug_line    0x0000221e      0x105 ./src/APP/main.o
 .debug_line    0x00002323      0x266 ./src/_initialize_hardware.o
 .debug_line    0x00002589      0x19f ./src/stm32f4xx_hal_msp.o

.debug_frame    0x00000000      0xb3c
 *(.debug_frame)
 .debug_frame   0x00000000      0x184 ./system/src/stm32f4-hal/stm32f4xx_hal.o
 .debug_frame   0x00000184      0x138 ./system/src/stm32f4-hal/stm32f4xx_hal_cortex.o
 .debug_frame   0x000002bc      0x140 ./system/src/stm32f4-hal/stm32f4xx_hal_rcc.o
 .debug_frame   0x000003fc       0x40 ./system/src/newlib/_exit.o
 .debug_frame   0x0000043c       0x80 ./system/src/newlib/_startup.o
 .debug_frame   0x000004bc       0x50 ./system/src/newlib/_syscalls.o
 .debug_frame   0x0000050c       0x38 ./system/src/cortexm/_initialize_hardware.o
 .debug_frame   0x00000544       0x20 ./system/src/cortexm/_reset_hardware.o
 .debug_frame   0x00000564       0xe0 ./system/src/cortexm/exception_handlers.o
 .debug_frame   0x00000644       0x38 ./system/src/cmsis/system_stm32f4xx.o
 .debug_frame   0x0000067c       0x20 ./system/src/cmsis/vectors_stm32f401xc.o
 .debug_frame   0x0000069c       0xec ./src/MCAL/SYSTICK/SYSTICK_prg.o
 .debug_frame   0x00000788       0xf0 ./src/MCAL/SPI/SPI_prg.o
 .debug_frame   0x00000878       0x40 ./src/MCAL/RCC/RCC_prg.o
 .debug_frame   0x000008b8       0xe8 ./src/MCAL/GPIO/GPIO_prg.o
 .debug_frame   0x000009a0       0xd0 ./src/MCAL/EXTI/EXTI_prg.o
 .debug_frame   0x00000a70       0x2c ./src/APP/main.o
 .debug_frame   0x00000a9c       0x50 ./src/_initialize_hardware.o
 .debug_frame   0x00000aec       0x50 ./src/stm32f4xx_hal_msp.o

.debug_str      0x00000000     0x2157
 *(.debug_str)
 .debug_str     0x00000000      0xcae ./system/src/stm32f4-hal/stm32f4xx_hal.o
                                0xd3d (size before relaxing)
 .debug_str     0x00000cae      0x3a8 ./system/src/stm32f4-hal/stm32f4xx_hal_cortex.o
                                0xe85 (size before relaxing)
 .debug_str     0x00001056      0x337 ./system/src/stm32f4-hal/stm32f4xx_hal_rcc.o
                                0xac6 (size before relaxing)
 .debug_str     0x0000138d       0x7a ./system/src/newlib/_exit.o
                                0x607 (size before relaxing)
 .debug_str     0x00001407      0x1a3 ./system/src/newlib/_startup.o
                                0x36f (size before relaxing)
 .debug_str     0x000015aa       0x8a ./system/src/newlib/_syscalls.o
                                0x638 (size before relaxing)
 .debug_str     0x00001634       0x5e ./system/src/cortexm/_initialize_hardware.o
                                0x6aa (size before relaxing)
 .debug_str     0x00001692       0x28 ./system/src/cortexm/_reset_hardware.o
                                0x670 (size before relaxing)
 .debug_str     0x000016ba      0x11f ./system/src/cortexm/exception_handlers.o
                                0x700 (size before relaxing)
 .debug_str     0x000017d9       0x31 ./system/src/cmsis/system_stm32f4xx.o
                                0x78f (size before relaxing)
 .debug_str     0x0000180a       0x59 ./system/src/cmsis/vectors_stm32f401xc.o
                                0x1f2 (size before relaxing)
 .debug_str     0x00001863      0x1c9 ./src/MCAL/SYSTICK/SYSTICK_prg.o
                                0x357 (size before relaxing)
 .debug_str     0x00001a2c      0x368 ./src/MCAL/SPI/SPI_prg.o
                                0x50a (size before relaxing)
 .debug_str     0x00001d94       0x6a ./src/MCAL/RCC/RCC_prg.o
                                0x2c8 (size before relaxing)
 .debug_str     0x00001dfe      0x1b1 ./src/MCAL/GPIO/GPIO_prg.o
                                0x34a (size before relaxing)
 .debug_str     0x00001faf      0x118 ./src/MCAL/EXTI/EXTI_prg.o
                                0x2b9 (size before relaxing)
 .debug_str     0x000020c7       0x22 ./src/APP/main.o
                                0x3dc (size before relaxing)
 .debug_str     0x000020e9       0x31 ./src/_initialize_hardware.o
                                0x8ba (size before relaxing)
 .debug_str     0x0000211a       0x3d ./src/stm32f4xx_hal_msp.o
                                0x60b (size before relaxing)

.debug_loc      0x00000000     0x163a
 *(.debug_loc)
 .debug_loc     0x00000000       0x92 ./system/src/stm32f4-hal/stm32f4xx_hal.o
 .debug_loc     0x00000092      0x47a ./system/src/stm32f4-hal/stm32f4xx_hal_cortex.o
 .debug_loc     0x0000050c      0x495 ./system/src/stm32f4-hal/stm32f4xx_hal_rcc.o
 .debug_loc     0x000009a1       0x21 ./system/src/newlib/_exit.o
 .debug_loc     0x000009c2      0x22d ./system/src/newlib/_startup.o
 .debug_loc     0x00000bef       0x63 ./system/src/newlib/_syscalls.o
 .debug_loc     0x00000c52      0x11c ./system/src/cmsis/system_stm32f4xx.o
 .debug_loc     0x00000d6e       0xb6 ./src/MCAL/SYSTICK/SYSTICK_prg.o
 .debug_loc     0x00000e24       0xbd ./src/MCAL/SPI/SPI_prg.o
 .debug_loc     0x00000ee1      0x619 ./src/MCAL/GPIO/GPIO_prg.o
 .debug_loc     0x000014fa      0x11c ./src/MCAL/EXTI/EXTI_prg.o
 .debug_loc     0x00001616       0x24 ./src/APP/main.o

.debug_macinfo
 *(.debug_macinfo)

.debug_weaknames
 *(.debug_weaknames)

.debug_funcnames
 *(.debug_funcnames)

.debug_typenames
 *(.debug_typenames)

.debug_varnames
 *(.debug_varnames)
OUTPUT(ARM_Drivers.elf elf32-littlearm)

.debug_ranges   0x00000000      0x750
 .debug_ranges  0x00000000       0xa8 ./system/src/stm32f4-hal/stm32f4xx_hal.o
 .debug_ranges  0x000000a8      0x128 ./system/src/stm32f4-hal/stm32f4xx_hal_cortex.o
 .debug_ranges  0x000001d0      0x168 ./system/src/stm32f4-hal/stm32f4xx_hal_rcc.o
 .debug_ranges  0x00000338       0x18 ./system/src/newlib/_exit.o
 .debug_ranges  0x00000350       0xd0 ./system/src/newlib/_startup.o
 .debug_ranges  0x00000420       0x20 ./system/src/newlib/_syscalls.o
 .debug_ranges  0x00000440       0x18 ./system/src/cortexm/_initialize_hardware.o
 .debug_ranges  0x00000458       0x10 ./system/src/cortexm/_reset_hardware.o
 .debug_ranges  0x00000468       0x70 ./system/src/cortexm/exception_handlers.o
 .debug_ranges  0x000004d8       0x18 ./system/src/cmsis/system_stm32f4xx.o
 .debug_ranges  0x000004f0       0x10 ./system/src/cmsis/vectors_stm32f401xc.o
 .debug_ranges  0x00000500       0x90 ./src/MCAL/SYSTICK/SYSTICK_prg.o
 .debug_ranges  0x00000590       0x40 ./src/MCAL/SPI/SPI_prg.o
 .debug_ranges  0x000005d0       0x20 ./src/MCAL/RCC/RCC_prg.o
 .debug_ranges  0x000005f0       0xd0 ./src/MCAL/GPIO/GPIO_prg.o
 .debug_ranges  0x000006c0       0x58 ./src/MCAL/EXTI/EXTI_prg.o
 .debug_ranges  0x00000718       0x10 ./src/APP/main.o
 .debug_ranges  0x00000728       0x18 ./src/_initialize_hardware.o
 .debug_ranges  0x00000740       0x10 ./src/stm32f4xx_hal_msp.o
